Last login: Wed Nov 13 01:15:01 on ttys000
joseph@LJ-L23 ~ % ssh joseph@10.105.48.4
Web console: https://localhost:9090/ or https://10.105.48.4:9090/

Last login: Wed Nov 13 01:17:45 2024
joseph@localhost:~$ virsh start fedora-riscv --console
Domain 'fedora-riscv' started
Connected to domain 'fedora-riscv'
Escape character is ^] (Ctrl + ])

OpenSBI v1.3.1
   ____                    _____ ____ _____
  / __ \                  / ____|  _ \_   _|
 | |  | |_ __   ___ _ __ | (___ | |_) || |
 | |  | | '_ \ / _ \ '_ \ \___ \|  _ < | |
 | |__| | |_) |  __/ | | |____) | |_) || |_
  \____/| .__/ \___|_| |_|_____/|___/_____|
        | |
        |_|

Platform Name             : riscv-virtio,qemu
Platform Features         : medeleg
Platform HART Count       : 4
Platform IPI Device       : aclint-mswi
Platform Timer Device     : aclint-mtimer @ 10000000Hz
Platform Console Device   : uart8250
Platform HSM Device       : ---
Platform PMU Device       : ---
Platform Reboot Device    : sifive_test
Platform Shutdown Device  : sifive_test
Platform Suspend Device   : ---
Platform CPPC Device      : ---
Firmware Base             : 0x80000000
Firmware Size             : 224 KB
Firmware RW Offset        : 0x20000
Firmware RW Size          : 96 KB
Firmware Heap Offset      : 0x2e000
Firmware Heap Size        : 40 KB (total), 2 KB (reserved), 9 KB (used), 28 KB (free)
Firmware Scratch Size     : 4096 B (total), 760 B (used), 3336 B (free)
Runtime SBI Version       : 1.0

Domain0 Name              : root
Domain0 Boot HART         : 2
Domain0 HARTs             : 0*,1*,2*,3*
Domain0 Region00          : 0x0000000002000000-0x000000000200ffff M: (I,R,W) S/U: ()
Domain0 Region01          : 0x0000000080000000-0x000000008001ffff M: (R,X) S/U: ()
Domain0 Region02          : 0x0000000080020000-0x000000008003ffff M: (R,W) S/U: ()
Domain0 Region03          : 0x0000000000000000-0xffffffffffffffff M: (R,W,X) S/U: (R,W,X)
Domain0 Next Address      : 0x0000000020000000
Domain0 Next Arg1         : 0x00000000bfe00000
Domain0 Next Mode         : S-mode
Domain0 SysReset          : yes
Domain0 SysSuspend        : yes

Boot HART ID              : 2
Boot HART Domain          : root
Boot HART Priv Version    : v1.12
Boot HART Base ISA        : rv64imafdch
Boot HART ISA Extensions  : time,sstc
Boot HART PMP Count       : 16
Boot HART PMP Granularity : 4
Boot HART PMP Address Bits: 54
Boot HART MHPM Count      : 16
Boot HART MIDELEG         : 0x0000000000001666
Boot HART MEDELEG         : 0x0000000000f0b509
SecStartup() BootHartId: 0x2, DeviceTreeAddress=0xBFE00000
MemoryPeimInitialization: System RAM @ 0x80000000 - 0x17FFFFFFF
AddReservedMemoryMap: Adding Reserved Memory Addr = 0x80020000, Size = 0x20000
AddReservedMemoryMap: Adding Reserved Memory Addr = 0x80000000, Size = 0x20000
PlatformPeimInitialization: Build FDT HOB - FDT at address: 0xBFE00000 
Loading DxeCore at 0x008315A000 EntryPoint=0x008315A240
CoreInitializeMemoryServices:
  BaseAddress - 0x84000000 Length - 0xFC000000 MinimalMemorySizeNeeded - 0x1D3E000
InstallProtocolInterface: 5B1B31A1-9562-11D2-8E3F-00A0C969723B 8319DBE0
ProtectUefiImageCommon - 0x8319DBE0
  - 0x000000008315A000 - 0x0000000000061000
DxeMain: MemoryBaseAddress=0x84000000 MemoryLength=0xFC000000
HOBLIST address in DXE = 0x17FA53018
Memory Allocation 0x00000000 0x80020000 - 0x8003FFFF
Memory Allocation 0x00000000 0x80000000 - 0x8001FFFF
Memory Allocation 0x00000004 0x83FEE000 - 0x83FEFFFF
Memory Allocation 0x00000004 0x83FF0000 - 0x83FFFFFF
Memory Allocation 0x00000004 0x83FDE000 - 0x83FEDFFF
Memory Allocation 0x00000004 0x838CC000 - 0x83FDDFFF
Memory Allocation 0x00000004 0x831BB000 - 0x838CBFFF
Memory Allocation 0x00000003 0x8315A000 - 0x831BAFFF
Memory Allocation 0x00000003 0x8315A000 - 0x831BAFFF
FV Hob            0x20000000 - 0x207FFFFF
FV Hob            0x831BB000 - 0x838CAFFF
FV2 Hob           0x831BB000 - 0x838CAFFF
                  00000000-0000-0000-0000-000000000000 - 9E21FD93-9C72-4C15-8C4B-E77F1DB2D792
InstallProtocolInterface: D8117CFE-94A6-11D4-9A3A-0090273FC14D 8319DB90
InstallProtocolInterface: 8F644FA9-E850-4DB1-9CE2-0B44698E8DA4 17FA4F330
InstallProtocolInterface: 09576E91-6D3F-11D2-8E39-00A0C969723B 17FA4F698
InstallProtocolInterface: 8F644FA9-E850-4DB1-9CE2-0B44698E8DA4 17FA45030
InstallProtocolInterface: 09576E91-6D3F-11D2-8E39-00A0C969723B 17FA45F98
InstallProtocolInterface: 220E73B6-6BDB-4413-8405-B974B108619A 17FA44030
InstallProtocolInterface: 220E73B6-6BDB-4413-8405-B974B108619A 17FA44CB0
InstallProtocolInterface: FC1BCDB0-7D31-49AA-936A-A4600D9DD083 8319DBB0
Loading driver 9B680FCE-AD6B-4F3A-B60B-F59899003443
InstallProtocolInterface: 5B1B31A1-9562-11D2-8E3F-00A0C969723B 17F381840
Loading driver at 0x0017FE28000 EntryPoint=0x0017FE2828A DevicePathDxe.efi
InstallProtocolInterface: BC62157E-3E33-4FEC-9920-2D3B36D750DF 17F381798
ProtectUefiImageCommon - 0x7F381840
  - 0x000000017FE28000 - 0x0000000000014380
InstallProtocolInterface: 0379BE4E-D706-437D-B037-EDB82FB772A4 17FE37510
InstallProtocolInterface: 8B843E20-8132-4852-90CC-551A4E4A7F1C 17FE37550
InstallProtocolInterface: 05C99A21-C70F-4AD2-8A5F-35DF3343F51E 17FE37560
Loading driver 80CF7257-87AB-47F9-A3FE-D50B76D89541
InstallProtocolInterface: 5B1B31A1-9562-11D2-8E3F-00A0C969723B 17F380B40
Loading driver at 0x0017FE1E000 EntryPoint=0x0017FE1E28A PcdDxe.efi
InstallProtocolInterface: BC62157E-3E33-4FEC-9920-2D3B36D750DF 17F380E18
ProtectUefiImageCommon - 0x7F380B40
  - 0x000000017FE1E000 - 0x00000000000091C0
InstallProtocolInterface: 11B34006-D85B-4D0A-A290-D5A571310EF7 17FE26C18
InstallProtocolInterface: 13A3F0F6-264A-3EF0-F2E0-DEC512342F34 17FE26D10
InstallProtocolInterface: 5BE40F57-FA68-4610-BBBF-E9C5FCDAD365 17FE26DA0
InstallProtocolInterface: FD0F4478-0EFD-461D-BA2D-E58C45FD5F5E 17FE26DB8
Loading driver D93CE3D8-A7EB-4730-8C8E-CC466A9ECC3C
InstallProtocolInterface: 5B1B31A1-9562-11D2-8E3F-00A0C969723B 17F37F7C0
Loading driver at 0x0017FEC7000 EntryPoint=0x0017FEC804A ReportStatusCodeRouterRuntimeDxe.efi
InstallProtocolInterface: BC62157E-3E33-4FEC-9920-2D3B36D750DF 17F37F618
ProtectUefiImageCommon - 0x7F37F7C0
  - 0x000000017FEC7000 - 0x000000000000C000
InstallProtocolInterface: 86212936-0E76-41C8-A03A-2AF2FC1C39E2 17FED1020
InstallProtocolInterface: D2B2B828-0826-48A7-B3DF-983C006024F0 17FED1018
Loading driver 6C2004EF-4E0E-4BE4-B14C-340EB4AA5891
InstallProtocolInterface: 5B1B31A1-9562-11D2-8E3F-00A0C969723B 17F37EBC0
Loading driver at 0x0017FEBC000 EntryPoint=0x0017FEBD04A StatusCodeHandlerRuntimeDxe.efi
InstallProtocolInterface: BC62157E-3E33-4FEC-9920-2D3B36D750DF 17F37E798
ProtectUefiImageCommon - 0x7F37EBC0
  - 0x000000017FEBC000 - 0x000000000000B000
Loading driver 9A871B00-1C16-4F61-8D2C-93B6654B5AD6
InstallProtocolInterface: 5B1B31A1-9562-11D2-8E3F-00A0C969723B 17F37E240
Loading driver at 0x0017FE18000 EntryPoint=0x0017FE1828A FdtClientDxe.efi
InstallProtocolInterface: BC62157E-3E33-4FEC-9920-2D3B36D750DF 17F37E598
ProtectUefiImageCommon - 0x7F37E240
  - 0x000000017FE18000 - 0x0000000000005680
InstallProtocolInterface: E11FACA0-4710-4C8E-A7A2-01BAA2591B4C 17FE1D380
Loading driver BDEA19E2-778F-473C-BF82-5E38D6A27765
InstallProtocolInterface: 5B1B31A1-9562-11D2-8E3F-00A0C969723B 17F3770C0
Loading driver at 0x0017FE0C000 EntryPoint=0x0017FE0C28A CpuDxeRiscV64.efi
InstallProtocolInterface: BC62157E-3E33-4FEC-9920-2D3B36D750DF 17F377A98
ProtectUefiImageCommon - 0x7F3770C0
  - 0x000000017FE0C000 - 0x000000000000B700
 InitializeCpu: Firmware Context is at 0x83FFFFA8.
 InitializeCpu: mBootHartId = 0x2.
RiscVConfigureMmu: SATP mode 10 successfully configured
InstallProtocolInterface: CCD15FEC-6F73-4EEC-8395-3E69E4B940BF 17FE16E08
InstallProtocolInterface: 26BACCB1-6F42-11D4-BCE7-0080C73C8881 17FE16E18
MemoryProtectionCpuArchProtocolNotify:
InitializeDxeNxMemoryProtectionPolicy: applying strict permissions to active memory regions
SetUefiImageMemoryAttributes - 0x0000000080000000 - 0x000000000315A000 (0x0000000000004000)
SetUefiImageMemoryAttributes - 0x00000000831BB000 - 0x00000000FCC51000 (0x0000000000004000)
SetUefiImageMemoryAttributes - 0x000000017FED3000 - 0x000000000012D000 (0x0000000000004000)
InitializeDxeNxMemoryProtectionPolicy: applying strict permissions to inactive memory regions
ProtectUefiImageCommon - 0x8319DBE0
  - 0x000000008315A000 - 0x0000000000061000
!!!!!!!!  Image Section Alignment(0x40) does not match Required Alignment (0x1000)  !!!!!!!!
ProtectUefiImage failed to create image properties record
ProtectUefiImageCommon - 0x7F381840
  - 0x000000017FE28000 - 0x0000000000014380
!!!!!!!!  Image Section Alignment(0x40) does not match Required Alignment (0x1000)  !!!!!!!!
ProtectUefiImage failed to create image properties record
ProtectUefiImageCommon - 0x7F380B40
  - 0x000000017FE1E000 - 0x00000000000091C0
!!!!!!!!  Image Section Alignment(0x40) does not match Required Alignment (0x1000)  !!!!!!!!
ProtectUefiImage failed to create image properties record
ProtectUefiImageCommon - 0x7F37F7C0
  - 0x000000017FEC7000 - 0x000000000000C000
SetUefiImageMemoryAttributes - 0x000000017FEC7000 - 0x0000000000001000 (0x0000000000004000)
SetUefiImageMemoryAttributes - 0x000000017FEC8000 - 0x0000000000009000 (0x0000000000020000)
SetUefiImageMemoryAttributes - 0x000000017FED1000 - 0x0000000000002000 (0x0000000000004000)
ProtectUefiImageCommon - 0x7F37EBC0
  - 0x000000017FEBC000 - 0x000000000000B000
SetUefiImageMemoryAttributes - 0x000000017FEBC000 - 0x0000000000001000 (0x0000000000004000)
SetUefiImageMemoryAttributes - 0x000000017FEBD000 - 0x0000000000008000 (0x0000000000020000)
SetUefiImageMemoryAttributes - 0x000000017FEC5000 - 0x0000000000002000 (0x0000000000004000)
ProtectUefiImageCommon - 0x7F37E240
  - 0x000000017FE18000 - 0x0000000000005680
!!!!!!!!  Image Section Alignment(0x40) does not match Required Alignment (0x1000)  !!!!!!!!
ProtectUefiImage failed to create image properties record
ProtectUefiImageCommon - 0x7F3770C0
  - 0x000000017FE0C000 - 0x000000000000B700
!!!!!!!!  Image Section Alignment(0x40) does not match Required Alignment (0x1000)  !!!!!!!!
ProtectUefiImage failed to create image properties record
Loading driver E452CABD-5FE1-4D97-8161-E80ED6A409A8
InstallProtocolInterface: 5B1B31A1-9562-11D2-8E3F-00A0C969723B 17F3780C0
Loading driver at 0x0017FEAC000 EntryPoint=0x0017FEAD04A VirtNorFlashDxe.efi
InstallProtocolInterface: BC62157E-3E33-4FEC-9920-2D3B36D750DF 17FA53C18
ProtectUefiImageCommon - 0x7F3780C0
  - 0x000000017FEAC000 - 0x0000000000010000
SetUefiImageMemoryAttributes - 0x000000017FEAC000 - 0x0000000000001000 (0x0000000000004000)
SetUefiImageMemoryAttributes - 0x000000017FEAD000 - 0x000000000000D000 (0x0000000000020000)
SetUefiImageMemoryAttributes - 0x000000017FEBA000 - 0x0000000000002000 (0x0000000000004000)
ValidateFvHeader: checking variables
ValidateFvHeader: end of var list (no startid)
InstallProtocolInterface: D1A86E3F-0707-4C35-83CD-DC2C29C891A3 0
InstallProtocolInterface: 09576E91-6D3F-11D2-8E39-00A0C969723B 17FFFE3A0
InstallProtocolInterface: 8F644FA9-E850-4DB1-9CE2-0B44698E8DA4 17FFFE358
Loading driver 0049858F-8CA7-4CCD-918B-D952CBF32975
InstallProtocolInterface: 5B1B31A1-9562-11D2-8E3F-00A0C969723B 17F366040
Loading driver at 0x0017FE02000 EntryPoint=0x0017FE0228A VirtioFdtDxe.efi
InstallProtocolInterface: BC62157E-3E33-4FEC-9920-2D3B36D750DF 17F366F18
ProtectUefiImageCommon - 0x7F366040
  - 0x000000017FE02000 - 0x00000000000096C0
!!!!!!!!  Image Section Alignment(0x40) does not match Required Alignment (0x1000)  !!!!!!!!
ProtectUefiImage failed to create image properties record
InstallProtocolInterface: 09576E91-6D3F-11D2-8E39-00A0C969723B 17F366C98
VirtioMmioInit virtio 0.9.5, id 0
InstallProtocolInterface: FA920010-6785-4941-B6EC-498C579F160A 17F366AA8
InstallProtocolInterface: 09576E91-6D3F-11D2-8E39-00A0C969723B 17F366398
VirtioMmioInit virtio 0.9.5, id 0
InstallProtocolInterface: FA920010-6785-4941-B6EC-498C579F160A 17F3668A8
InstallProtocolInterface: 09576E91-6D3F-11D2-8E39-00A0C969723B 17F366718
VirtioMmioInit virtio 0.9.5, id 0
InstallProtocolInterface: FA920010-6785-4941-B6EC-498C579F160A 17F366528
InstallProtocolInterface: 09576E91-6D3F-11D2-8E39-00A0C969723B 17F366698
VirtioMmioInit virtio 0.9.5, id 0
InstallProtocolInterface: FA920010-6785-4941-B6EC-498C579F160A 17F370B28
InstallProtocolInterface: 09576E91-6D3F-11D2-8E39-00A0C969723B 17F370F98
VirtioMmioInit virtio 0.9.5, id 0
InstallProtocolInterface: FA920010-6785-4941-B6EC-498C579F160A 17F370CA8
InstallProtocolInterface: 09576E91-6D3F-11D2-8E39-00A0C969723B 17F370098
VirtioMmioInit virtio 0.9.5, id 0
InstallProtocolInterface: FA920010-6785-4941-B6EC-498C579F160A 17F3707A8
InstallProtocolInterface: 09576E91-6D3F-11D2-8E39-00A0C969723B 17F370918
VirtioMmioInit virtio 0.9.5, id 0
InstallProtocolInterface: FA920010-6785-4941-B6EC-498C579F160A 17F3705A8
InstallProtocolInterface: 09576E91-6D3F-11D2-8E39-00A0C969723B 17F370718
VirtioMmioInit virtio 0.9.5, id 0
InstallProtocolInterface: FA920010-6785-4941-B6EC-498C579F160A 17F370228
Loading driver 63EA1463-FBFA-428A-B97F-E222755852D7
InstallProtocolInterface: 5B1B31A1-9562-11D2-8E3F-00A0C969723B 17F367040
Loading driver at 0x0017FDFA000 EntryPoint=0x0017FDFA28A HighMemDxe.efi
InstallProtocolInterface: BC62157E-3E33-4FEC-9920-2D3B36D750DF 17F370418
ProtectUefiImageCommon - 0x7F367040
  - 0x000000017FDFA000 - 0x0000000000007800
!!!!!!!!  Image Section Alignment(0x40) does not match Required Alignment (0x1000)  !!!!!!!!
ProtectUefiImage failed to create image properties record
Loading driver B601F8C4-43B7-4784-95B1-F4226CB40CEE
InstallProtocolInterface: 5B1B31A1-9562-11D2-8E3F-00A0C969723B 17F3672C0
Loading driver at 0x0017FEA1000 EntryPoint=0x0017FEA204A RuntimeDxe.efi
InstallProtocolInterface: BC62157E-3E33-4FEC-9920-2D3B36D750DF 17F367B18
ProtectUefiImageCommon - 0x7F3672C0
  - 0x000000017FEA1000 - 0x000000000000B000
SetUefiImageMemoryAttributes - 0x000000017FEA1000 - 0x0000000000001000 (0x0000000000004000)
SetUefiImageMemoryAttributes - 0x000000017FEA2000 - 0x0000000000008000 (0x0000000000020000)
SetUefiImageMemoryAttributes - 0x000000017FEAA000 - 0x0000000000002000 (0x0000000000004000)
InstallProtocolInterface: B7DFB4E1-052F-449F-87BE-9818FC91B733 17FEAA008
Loading driver F80697E9-7FD6-4665-8646-88E33EF71DFC
InstallProtocolInterface: 5B1B31A1-9562-11D2-8E3F-00A0C969723B 17F36F040
Loading driver at 0x0017FDF0000 EntryPoint=0x0017FDF028A SecurityStubDxe.efi
InstallProtocolInterface: BC62157E-3E33-4FEC-9920-2D3B36D750DF 17F36FF18
ProtectUefiImageCommon - 0x7F36F040
  - 0x000000017FDF0000 - 0x0000000000009D40
!!!!!!!!  Image Section Alignment(0x40) does not match Required Alignment (0x1000)  !!!!!!!!
ProtectUefiImage failed to create image properties record
InstallProtocolInterface: 94AB2F58-1438-4EF1-9152-18941A3A0E68 17FDF9690
InstallProtocolInterface: A46423E3-4617-49F1-B9FF-D1BFA9115839 17FDF9688
InstallProtocolInterface: 15853D7C-3DDF-43E0-A1CB-EBF85B8F872C 17FDF9698
Loading driver CBD2E4D5-7068-4FF5-B462-9822B4AD8D60
InstallProtocolInterface: 5B1B31A1-9562-11D2-8E3F-00A0C969723B 17F36F4C0
Loading driver at 0x0017FE84000 EntryPoint=0x0017FE8504A VariableRuntimeDxe.efi
InstallProtocolInterface: BC62157E-3E33-4FEC-9920-2D3B36D750DF 17F36EF98
ProtectUefiImageCommon - 0x7F36F4C0
  - 0x000000017FE84000 - 0x000000000001D000
SetUefiImageMemoryAttributes - 0x000000017FE84000 - 0x0000000000001000 (0x0000000000004000)
SetUefiImageMemoryAttributes - 0x000000017FE85000 - 0x000000000001A000 (0x0000000000020000)
SetUefiImageMemoryAttributes - 0x000000017FE9F000 - 0x0000000000002000 (0x0000000000004000)
VarCheckLibRegisterSetVariableCheckHandler - 0x7FE97BA4 Success
Variable driver common space: 0x3FF9C 0x3FF9C 0x3FF9C
Variable driver will work with auth variable format!
InstallProtocolInterface: CD3D0A05-9E24-437C-A891-1EE053DB7638 17FE9F008
InstallProtocolInterface: AF23B340-97B4-4685-8D4F-A3F28169B21D 17FE9F050
InstallProtocolInterface: 1E5668E2-8481-11D4-BCF1-0080C73C8881 0
VarCheckLibRegisterSetVariableCheckHandler - 0x7FE96254 Success
InstallProtocolInterface: 81D1675C-86F6-48DF-BD95-9A6E4F0925C3 17FE9F010
Loading driver 4B28E4C7-FF36-4E10-93CF-A82159E777C5
InstallProtocolInterface: 5B1B31A1-9562-11D2-8E3F-00A0C969723B 17F36D040
Loading driver at 0x0017FE79000 EntryPoint=0x0017FE7A04A ResetSystemRuntimeDxe.efi
InstallProtocolInterface: BC62157E-3E33-4FEC-9920-2D3B36D750DF 17F36DD18
ProtectUefiImageCommon - 0x7F36D040
  - 0x000000017FE79000 - 0x000000000000B000
SetUefiImageMemoryAttributes - 0x000000017FE79000 - 0x0000000000001000 (0x0000000000004000)
SetUefiImageMemoryAttributes - 0x000000017FE7A000 - 0x0000000000008000 (0x0000000000020000)
SetUefiImageMemoryAttributes - 0x000000017FE82000 - 0x0000000000002000 (0x0000000000004000)
InstallProtocolInterface: 27CFAC88-46CC-11D4-9A38-0090273FC14D 0
InstallProtocolInterface: 9DA34AE0-EAF9-4BBF-8EC3-FD60226C44BE 17FE82030
InstallProtocolInterface: 695D7835-8D47-4C11-AB22-FA8ACCE7AE7A 17FE82058
InstallProtocolInterface: 2DF6BA0B-7092-440D-BD04-FB091EC3F3C1 17FE82080
Loading driver 4C6E0267-C77D-410D-8100-1495911A989D
InstallProtocolInterface: 5B1B31A1-9562-11D2-8E3F-00A0C969723B 17F36D4C0
Loading driver at 0x0017FDE9000 EntryPoint=0x0017FDE928A MetronomeDxe.efi
InstallProtocolInterface: BC62157E-3E33-4FEC-9920-2D3B36D750DF 17F36CF18
ProtectUefiImageCommon - 0x7F36D4C0
  - 0x000000017FDE9000 - 0x0000000000006DC0
!!!!!!!!  Image Section Alignment(0x40) does not match Required Alignment (0x1000)  !!!!!!!!
ProtectUefiImage failed to create image properties record
InstallProtocolInterface: 26BACCB2-6F42-11D4-BCE7-0080C73C8881 17FDEF848
Loading driver 348C4D62-BFBD-4882-9ECE-C80BB1C4783B
InstallProtocolInterface: 5B1B31A1-9562-11D2-8E3F-00A0C969723B 17F36C0C0
Loading driver at 0x0017FDB7000 EntryPoint=0x0017FDB728A HiiDatabase.efi
InstallProtocolInterface: BC62157E-3E33-4FEC-9920-2D3B36D750DF 17F36CC18
ProtectUefiImageCommon - 0x7F36C0C0
  - 0x000000017FDB7000 - 0x0000000000031640
!!!!!!!!  Image Section Alignment(0x40) does not match Required Alignment (0x1000)  !!!!!!!!
ProtectUefiImage failed to create image properties record
InstallProtocolInterface: E9CA4775-8657-47FC-97E7-7ED65A084324 17FDE6930
InstallProtocolInterface: 0FD96974-23AA-4CDC-B9CB-98D17750322A 17FDE69A8
InstallProtocolInterface: EF9FC172-A1B2-4693-B327-6D32FC416042 17FDE69D0
InstallProtocolInterface: 587E72D7-CC50-4F79-8209-CA291FC1A10F 17FDE6A28
InstallProtocolInterface: 0A8BADD5-03B8-4D19-B128-7B8F0EDAA596 17FDE6A58
InstallProtocolInterface: 31A6406A-6BDF-4E46-B2A2-EBAA89C40920 17FDE6950
InstallProtocolInterface: 1A1241E6-8F19-41A9-BC0E-E8EF39E06546 17FDE6978
Loading driver 9A5163E7-5C29-453F-825C-837A46A81E15
InstallProtocolInterface: 5B1B31A1-9562-11D2-8E3F-00A0C969723B 17F36BBC0
Loading driver at 0x0017FDAF000 EntryPoint=0x0017FDAF28A SerialDxe.efi
InstallProtocolInterface: BC62157E-3E33-4FEC-9920-2D3B36D750DF 17F36B798
ProtectUefiImageCommon - 0x7F36BBC0
  - 0x000000017FDAF000 - 0x0000000000007540
!!!!!!!!  Image Section Alignment(0x40) does not match Required Alignment (0x1000)  !!!!!!!!
ProtectUefiImage failed to create image properties record
InstallProtocolInterface: BB25CF6F-F1D4-11D2-9A0C-0090273FC1FD 17FDB5ED8
InstallProtocolInterface: 09576E91-6D3F-11D2-8E39-00A0C969723B 17FDB5E88
Loading driver 055DDAC6-9142-4013-BF20-FC2E5BC325C9
InstallProtocolInterface: 5B1B31A1-9562-11D2-8E3F-00A0C969723B 17F36B1C0
Loading driver at 0x0017FDA7000 EntryPoint=0x0017FDA728A CpuTimerDxeRiscV64.efi
InstallProtocolInterface: BC62157E-3E33-4FEC-9920-2D3B36D750DF 17F36A018
ProtectUefiImageCommon - 0x7F36B1C0
  - 0x000000017FDA7000 - 0x0000000000007100
!!!!!!!!  Image Section Alignment(0x40) does not match Required Alignment (0x1000)  !!!!!!!!
ProtectUefiImage failed to create image properties record
TimerDriverSetTimerPeriod(0x0)
RegisterCpuInterruptHandler: Type:5 Handler: 7FDA76DC
TimerDriverSetTimerPeriod(0x186A0)
InstallProtocolInterface: 26BACCB3-6F42-11D4-BCE7-0080C73C8881 17FDADB08
TimerDriverRegisterHandler(0x8317662A) called
Loading driver A210F973-229D-4F4D-AA37-9895E6C9EABA
InstallProtocolInterface: 5B1B31A1-9562-11D2-8E3F-00A0C969723B 17F36A0C0
Loading driver at 0x0017FD9F000 EntryPoint=0x0017FD9F28A DpcDxe.efi
InstallProtocolInterface: BC62157E-3E33-4FEC-9920-2D3B36D750DF 17F36AA98
ProtectUefiImageCommon - 0x7F36A0C0
  - 0x000000017FD9F000 - 0x0000000000007300
!!!!!!!!  Image Section Alignment(0x40) does not match Required Alignment (0x1000)  !!!!!!!!
ProtectUefiImage failed to create image properties record
InstallProtocolInterface: 480F8AE9-0C46-4AA9-BC89-DB9FBA619806 17FDA5B48
Loading driver F9D88642-0737-49BC-81B5-6889CD57D9EA
InstallProtocolInterface: 5B1B31A1-9562-11D2-8E3F-00A0C969723B 17F36A440
Loading driver at 0x0017FD90000 EntryPoint=0x0017FD9028A SmbiosDxe.efi
InstallProtocolInterface: BC62157E-3E33-4FEC-9920-2D3B36D750DF 17F36A798
ProtectUefiImageCommon - 0x7F36A440
  - 0x000000017FD90000 - 0x000000000000E140
!!!!!!!!  Image Section Alignment(0x40) does not match Required Alignment (0x1000)  !!!!!!!!
ProtectUefiImage failed to create image properties record
Found FwCfg @ 0x10100008/0x10100000
Found FwCfg DMA @ 0x10100010
InstallProtocolInterface: 03583FF6-CB36-4940-947E-B9B39F4AFAF7 17FD9D988
Loading driver FBC36D76-CF22-2584-DBD8-85FF765BAEF1
InstallProtocolInterface: 5B1B31A1-9562-11D2-8E3F-00A0C969723B 17F3690C0
Loading driver at 0x0017FD88000 EntryPoint=0x0017FD8828A CpuMmio2Dxe.efi
InstallProtocolInterface: BC62157E-3E33-4FEC-9920-2D3B36D750DF 17F369A98
ProtectUefiImageCommon - 0x7F3690C0
  - 0x000000017FD88000 - 0x0000000000007100
!!!!!!!!  Image Section Alignment(0x40) does not match Required Alignment (0x1000)  !!!!!!!!
ProtectUefiImage failed to create image properties record
InstallProtocolInterface: AD61F191-AE5F-4C0E-B9FA-E869D288C64F 17FD8EB48
Loading driver 11A6EDF6-A9BE-426D-A6CC-B22FE51D9224
InstallProtocolInterface: 5B1B31A1-9562-11D2-8E3F-00A0C969723B 17F369440
Loading driver at 0x0017FD7C000 EntryPoint=0x0017FD7C28A PciHotPlugInitDxe.efi
InstallProtocolInterface: BC62157E-3E33-4FEC-9920-2D3B36D750DF 17F369798
ProtectUefiImageCommon - 0x7F369440
  - 0x000000017FD7C000 - 0x000000000000C000
!!!!!!!!  Image Section Alignment(0x40) does not match Required Alignment (0x1000)  !!!!!!!!
ProtectUefiImage failed to create image properties record
InstallProtocolInterface: AA0E8BC1-DABC-46B0-A844-37B8169B2BEA 17FD87950
Loading driver DCE1B094-7DC6-45D0-9FDD-D7FC3CC3E4EF
InstallProtocolInterface: 5B1B31A1-9562-11D2-8E3F-00A0C969723B 17F368C40
Loading driver at 0x0017FD70000 EntryPoint=0x0017FD7028A QemuRamfbDxe.efi
InstallProtocolInterface: BC62157E-3E33-4FEC-9920-2D3B36D750DF 17F368798
ProtectUefiImageCommon - 0x7F368C40
  - 0x000000017FD70000 - 0x000000000000BCC0
!!!!!!!!  Image Section Alignment(0x40) does not match Required Alignment (0x1000)  !!!!!!!!
ProtectUefiImage failed to create image properties record
Found FwCfg @ 0x10100008/0x10100000
Found FwCfg DMA @ 0x10100010
Error: Image at 0017FD70000 start failed: Not Found
Loading driver FE5CEA76-4F72-49E8-986F-2CD899DFFE5D
InstallProtocolInterface: 5B1B31A1-9562-11D2-8E3F-00A0C969723B 17F368C40
Loading driver at 0x0017FD6E000 EntryPoint=0x0017FD6E28A FaultTolerantWriteDxe.efi
InstallProtocolInterface: BC62157E-3E33-4FEC-9920-2D3B36D750DF 17F368998
ProtectUefiImageCommon - 0x7F368C40
  - 0x000000017FD6E000 - 0x000000000000DB40
!!!!!!!!  Image Section Alignment(0x40) does not match Required Alignment (0x1000)  !!!!!!!!
ProtectUefiImage failed to create image properties record
Ftw: FtwWorkSpaceLba - 0x1, WorkBlockSize  - 0x40000, FtwWorkSpaceBase - 0x0
Ftw: FtwSpareLba     - 0x2, SpareBlockSize - 0x40000
Ftw: NumberOfWorkBlock - 0x1, FtwWorkBlockLba - 0x1
Ftw: WorkSpaceLbaInSpare - 0x0, WorkSpaceBaseInSpare - 0x0
Ftw: Remaining work space size - 3FFE0
InstallProtocolInterface: 3EBD9E82-2C78-4DE6-9786-8D4BFCB7C881 17F324028
NOTICE - AuthVariableLibInitialize() returns Unsupported!
Variable driver will continue to work without auth variable support!
RecordSecureBootPolicyVarData GetVariable SecureBoot Status E
InstallProtocolInterface: 6441F818-6362-4E44-B570-7DBA31DD2453 0
Loading driver B336F62D-4135-4A55-AE4E-4971BBF0885D
InstallProtocolInterface: 5B1B31A1-9562-11D2-8E3F-00A0C969723B 17F368440
Loading driver at 0x0017FE6E000 EntryPoint=0x0017FE6F04A RealTimeClock.efi
InstallProtocolInterface: BC62157E-3E33-4FEC-9920-2D3B36D750DF 17F368698
ProtectUefiImageCommon - 0x7F368440
  - 0x000000017FE6E000 - 0x000000000000B000
SetUefiImageMemoryAttributes - 0x000000017FE6E000 - 0x0000000000001000 (0x0000000000004000)
SetUefiImageMemoryAttributes - 0x000000017FE6F000 - 0x0000000000008000 (0x0000000000020000)
SetUefiImageMemoryAttributes - 0x000000017FE77000 - 0x0000000000002000 (0x0000000000004000)
InitializeRealTimeClock: using default timezone/daylight settings
InstallProtocolInterface: 27CFAC87-46CC-11D4-9A38-0090273FC14D 0
Loading driver F099D67F-71AE-4C36-B2A3-DCEB0EB2B7D8
InstallProtocolInterface: 5B1B31A1-9562-11D2-8E3F-00A0C969723B 17F3170C0
Loading driver at 0x0017FD66000 EntryPoint=0x0017FD6628A WatchdogTimer.efi
InstallProtocolInterface: BC62157E-3E33-4FEC-9920-2D3B36D750DF 17F317318
ProtectUefiImageCommon - 0x7F3170C0
  - 0x000000017FD66000 - 0x0000000000007080
!!!!!!!!  Image Section Alignment(0x40) does not match Required Alignment (0x1000)  !!!!!!!!
ProtectUefiImage failed to create image properties record
InstallProtocolInterface: 665E3FF5-46CC-11D4-9A38-0090273FC14D 17FD6CA88
Loading driver 2F30DA26-F51B-4B6F-85C4-31873C281BCA
InstallProtocolInterface: 5B1B31A1-9562-11D2-8E3F-00A0C969723B 17F323040
Loading driver at 0x0017FD55000 EntryPoint=0x0017FD5528A LinuxInitrdDynamicShellCommand.efi
InstallProtocolInterface: BC62157E-3E33-4FEC-9920-2D3B36D750DF 17F317598
InstallProtocolInterface: 6A1EE763-D47A-43B4-AABE-EF1DE2AB56FC 17FD649B0
ProtectUefiImageCommon - 0x7F323040
  - 0x000000017FD55000 - 0x0000000000010B80
!!!!!!!!  Image Section Alignment(0x40) does not match Required Alignment (0x1000)  !!!!!!!!
ProtectUefiImage failed to create image properties record
InstallProtocolInterface: 3C7200E9-005F-4EA4-87DE-A3DFAC8A27C3 17FD64708
Loading driver EBF342FE-B1D3-4EF8-957C-8048606FF671
InstallProtocolInterface: 5B1B31A1-9562-11D2-8E3F-00A0C969723B 17F322AC0
Loading driver at 0x0017FD2A000 EntryPoint=0x0017FD2A28A SetupBrowser.efi
InstallProtocolInterface: BC62157E-3E33-4FEC-9920-2D3B36D750DF 17F322D98
ProtectUefiImageCommon - 0x7F322AC0
  - 0x000000017FD2A000 - 0x000000000002A540
!!!!!!!!  Image Section Alignment(0x40) does not match Required Alignment (0x1000)  !!!!!!!!
ProtectUefiImage failed to create image properties record
InstallProtocolInterface: B9D4C360-BCFB-4F9B-9298-53C136982258 17FD52998
InstallProtocolInterface: A770C357-B693-4E6D-A6CF-D21C728E550B 17FD529C8
InstallProtocolInterface: 1F73B18D-4630-43C1-A1DE-6F80855D7DA4 17FD529A8
Loading driver 6D33944A-EC75-4855-A54D-809C75241F6C
InstallProtocolInterface: 5B1B31A1-9562-11D2-8E3F-00A0C969723B 17F321C40
Loading driver at 0x0017FCFF000 EntryPoint=0x0017FCFF28A BdsDxe.efi
InstallProtocolInterface: BC62157E-3E33-4FEC-9920-2D3B36D750DF 17F321A98
ProtectUefiImageCommon - 0x7F321C40
  - 0x000000017FCFF000 - 0x000000000002A640
!!!!!!!!  Image Section Alignment(0x40) does not match Required Alignment (0x1000)  !!!!!!!!
ProtectUefiImage failed to create image properties record
Found FwCfg @ 0x10100008/0x10100000
Found FwCfg DMA @ 0x10100010
InstallProtocolInterface: 665E3FF6-46CC-11D4-9A38-0090273FC14D 17FD28288
Loading driver 4110465D-5FF3-4F4B-B580-24ED0D06747A
InstallProtocolInterface: 5B1B31A1-9562-11D2-8E3F-00A0C969723B 17F3212C0
Loading driver at 0x0017FCF5000 EntryPoint=0x0017FCF528A SmbiosPlatformDxe.efi
InstallProtocolInterface: BC62157E-3E33-4FEC-9920-2D3B36D750DF 17F321698
ProtectUefiImageCommon - 0x7F3212C0
  - 0x000000017FCF5000 - 0x0000000000009F80
!!!!!!!!  Image Section Alignment(0x40) does not match Required Alignment (0x1000)  !!!!!!!!
ProtectUefiImage failed to create image properties record
Found FwCfg @ 0x10100008/0x10100000
Found FwCfg DMA @ 0x10100010
Error: Image at 0017FCF5000 start failed: Not Found
Loading driver 9D1DD27F-6D7F-427B-AEC4-B62F6279C2F1
InstallProtocolInterface: 5B1B31A1-9562-11D2-8E3F-00A0C969723B 17F3212C0
Loading driver at 0x0017FCF6000 EntryPoint=0x0017FCF628A PlatformHasAcpiDtDxe.efi
InstallProtocolInterface: BC62157E-3E33-4FEC-9920-2D3B36D750DF 17F321718
ProtectUefiImageCommon - 0x7F3212C0
  - 0x000000017FCF6000 - 0x0000000000008A00
!!!!!!!!  Image Section Alignment(0x40) does not match Required Alignment (0x1000)  !!!!!!!!
ProtectUefiImage failed to create image properties record
Found FwCfg @ 0x10100008/0x10100000
Found FwCfg DMA @ 0x10100010
InstallProtocolInterface: 7EBB920D-1AAF-46D9-B2AF-541E1DCE148B 0
Loading driver 128FB770-5E79-4176-9E51-9BB268A17DD1
InstallProtocolInterface: 5B1B31A1-9562-11D2-8E3F-00A0C969723B 17F320BC0
Loading driver at 0x0017FCDF000 EntryPoint=0x0017FCDF28A PciHostBridgeDxe.efi
InstallProtocolInterface: BC62157E-3E33-4FEC-9920-2D3B36D750DF 17F320E18
ProtectUefiImageCommon - 0x7F320BC0
  - 0x000000017FCDF000 - 0x00000000000163C0
!!!!!!!!  Image Section Alignment(0x40) does not match Required Alignment (0x1000)  !!!!!!!!
ProtectUefiImage failed to create image properties record
Found FwCfg @ 0x10100008/0x10100000
Found FwCfg DMA @ 0x10100010
ProcessPciHost: Config[0x30000000+0x10000000) Bus[0x0..0xFF] Io[0x0+0x10000)@0x3000000 Mem32[0x40000000+0x40000000)@0x0 Mem64[0x400000000+0x400000000)@0x0
PciHostBridgeUtilityInitRootBridge: populated root bus 0, with room for 255 subordinate bus(es)
RootBridge: PciRoot(0x0)
  Support/Attr: 70001 / 70001
    DmaAbove4G: Yes
NoExtConfSpace: No
     AllocAttr: 3 (CombineMemPMem Mem64Decode)
           Bus: 0 - FF Translation=0
            Io: 0 - FFFF Translation=0
           Mem: 40000000 - 7FFFFFFF Translation=0
    MemAbove4G: 400000000 - 7FFFFFFFF Translation=0
          PMem: FFFFFFFFFFFFFFFF - 0 Translation=0
   PMemAbove4G: FFFFFFFFFFFFFFFF - 0 Translation=0
InstallProtocolInterface: CF8034BE-6768-4D8B-B739-7CCE683A9FBE 17F320140
InstallProtocolInterface: 09576E91-6D3F-11D2-8E39-00A0C969723B 17F320498
InstallProtocolInterface: 2F707EBB-4A1A-11D4-9A38-0090273FC14D 17F31E1F0
Loading driver F74D20EE-37E7-48FC-97F7-9B1047749C69
InstallProtocolInterface: 5B1B31A1-9562-11D2-8E3F-00A0C969723B 17F31E440
Loading driver at 0x0017FCD5000 EntryPoint=0x0017FCD528A LogoDxe.efi
InstallProtocolInterface: BC62157E-3E33-4FEC-9920-2D3B36D750DF 17F31E798
InstallProtocolInterface: 6A1EE763-D47A-43B4-AABE-EF1DE2AB56FC 17FCDB530
ProtectUefiImageCommon - 0x7F31E440
  - 0x000000017FCD5000 - 0x00000000000098C0
!!!!!!!!  Image Section Alignment(0x40) does not match Required Alignment (0x1000)  !!!!!!!!
ProtectUefiImage failed to create image properties record
InstallProtocolInterface: 53CD299F-2BC1-40C0-8C07-23F64FDB30E0 17FCDB3A0
Loading driver 42857F0A-13F2-4B21-8A23-53D3F714B840
InstallProtocolInterface: 5B1B31A1-9562-11D2-8E3F-00A0C969723B 17F31D840
Loading driver at 0x0017FE63000 EntryPoint=0x0017FE6404A CapsuleRuntimeDxe.efi
InstallProtocolInterface: BC62157E-3E33-4FEC-9920-2D3B36D750DF 17F31D218
ProtectUefiImageCommon - 0x7F31D840
  - 0x000000017FE63000 - 0x000000000000B000
SetUefiImageMemoryAttributes - 0x000000017FE63000 - 0x0000000000001000 (0x0000000000004000)
SetUefiImageMemoryAttributes - 0x000000017FE64000 - 0x0000000000008000 (0x0000000000020000)
SetUefiImageMemoryAttributes - 0x000000017FE6C000 - 0x0000000000002000 (0x0000000000004000)
InstallProtocolInterface: 5053697E-2CBC-4819-90D9-0580DEEE5754 0
Loading driver AD608272-D07F-4964-801E-7BD3B7888652
InstallProtocolInterface: 5B1B31A1-9562-11D2-8E3F-00A0C969723B 17F319CC0
Loading driver at 0x0017FE59000 EntryPoint=0x0017FE5A04A MonotonicCounterRuntimeDxe.efi
InstallProtocolInterface: BC62157E-3E33-4FEC-9920-2D3B36D750DF 17F319A18
ProtectUefiImageCommon - 0x7F319CC0
  - 0x000000017FE59000 - 0x000000000000A000
SetUefiImageMemoryAttributes - 0x000000017FE59000 - 0x0000000000001000 (0x0000000000004000)
SetUefiImageMemoryAttributes - 0x000000017FE5A000 - 0x0000000000007000 (0x0000000000020000)
SetUefiImageMemoryAttributes - 0x000000017FE61000 - 0x0000000000002000 (0x0000000000004000)
InstallProtocolInterface: 1DA97072-BDDC-4B30-99F1-72A0B56FFF2A 0
Loading driver E660EA85-058E-4B55-A54B-F02F83A24707
InstallProtocolInterface: 5B1B31A1-9562-11D2-8E3F-00A0C969723B 17F318040
Loading driver at 0x0017FCB1000 EntryPoint=0x0017FCB128A DisplayEngine.efi
InstallProtocolInterface: BC62157E-3E33-4FEC-9920-2D3B36D750DF 17F318F18
ProtectUefiImageCommon - 0x7F318040
  - 0x000000017FCB1000 - 0x0000000000023200
!!!!!!!!  Image Section Alignment(0x40) does not match Required Alignment (0x1000)  !!!!!!!!
ProtectUefiImage failed to create image properties record
InstallProtocolInterface: 9BBE29E9-FDA1-41EC-AD52-452213742D2E 17FCD26C8
InstallProtocolInterface: 4311EDC0-6054-46D4-9E40-893EA952FCCC 17FCD26E0
Loading driver EBF8ED7C-0DD1-4787-84F1-F48D537DCACF
InstallProtocolInterface: 5B1B31A1-9562-11D2-8E3F-00A0C969723B 17F313140
Loading driver at 0x0017FCA3000 EntryPoint=0x0017FCA328A DriverHealthManagerDxe.efi
InstallProtocolInterface: BC62157E-3E33-4FEC-9920-2D3B36D750DF 17F313818
ProtectUefiImageCommon - 0x7F313140
  - 0x000000017FCA3000 - 0x000000000000DE00
!!!!!!!!  Image Section Alignment(0x40) does not match Required Alignment (0x1000)  !!!!!!!!
ProtectUefiImage failed to create image properties record
InstallProtocolInterface: 09576E91-6D3F-11D2-8E39-00A0C969723B 17FCB0568
InstallProtocolInterface: 330D4706-F2A0-4E4F-A369-B66FA8D54385 17FCB0540
Loading driver 806040CA-DAD9-4978-A3B4-2D2AB0C8A48F
InstallProtocolInterface: 5B1B31A1-9562-11D2-8E3F-00A0C969723B 17F30FD40
Loading driver at 0x0017FC98000 EntryPoint=0x0017FC9828A QemuKernelLoaderFsDxe.efi
InstallProtocolInterface: BC62157E-3E33-4FEC-9920-2D3B36D750DF 17F310498
ProtectUefiImageCommon - 0x7F30FD40
  - 0x000000017FC98000 - 0x000000000000A8C0
!!!!!!!!  Image Section Alignment(0x40) does not match Required Alignment (0x1000)  !!!!!!!!
ProtectUefiImage failed to create image properties record
Found FwCfg @ 0x10100008/0x10100000
Found FwCfg DMA @ 0x10100010
FetchBlob: loading 15671808 bytes for "kernel"
FetchBlob: loading 61478016 bytes for "initrd"
FetchBlob: loading 121 bytes for "cmdline"
InstallProtocolInterface: 09576E91-6D3F-11D2-8E39-00A0C969723B 17FC9F488
InstallProtocolInterface: 964E5B22-6459-11D2-8E39-00A0C969723B 17FC9F708
InstallProtocolInterface: 09576E91-6D3F-11D2-8E39-00A0C969723B 17FC9F4A0
InstallProtocolInterface: 4006C0C1-FCB3-403E-996D-4A6C8724E06D 17FC9F718
Loading driver D9DCC5DF-4007-435E-9098-8970935504B2
InstallProtocolInterface: 5B1B31A1-9562-11D2-8E3F-00A0C969723B 17F30F340
Loading driver at 0x0017FC8A000 EntryPoint=0x0017FC8A28A PlatformDxe.efi
InstallProtocolInterface: BC62157E-3E33-4FEC-9920-2D3B36D750DF 17F30F918
ProtectUefiImageCommon - 0x7F30F340
  - 0x000000017FC8A000 - 0x000000000000DC40
!!!!!!!!  Image Section Alignment(0x40) does not match Required Alignment (0x1000)  !!!!!!!!
ProtectUefiImage failed to create image properties record
InstallProtocolInterface: 09576E91-6D3F-11D2-8E39-00A0C969723B 17FC973F0
InstallProtocolInterface: 330D4706-F2A0-4E4F-A369-B66FA8D54385 17FC97500
Loading driver 28A03FF4-12B3-4305-A417-BB1A4F94081E
InstallProtocolInterface: 5B1B31A1-9562-11D2-8E3F-00A0C969723B 17E41ABC0
Loading driver at 0x0017FC74000 EntryPoint=0x0017FC7428A RamDiskDxe.efi
InstallProtocolInterface: BC62157E-3E33-4FEC-9920-2D3B36D750DF 17E41B598
ProtectUefiImageCommon - 0x7E41ABC0
  - 0x000000017FC74000 - 0x0000000000015180
!!!!!!!!  Image Section Alignment(0x40) does not match Required Alignment (0x1000)  !!!!!!!!
ProtectUefiImage failed to create image properties record
InstallProtocolInterface: 09576E91-6D3F-11D2-8E39-00A0C969723B 17E41B198
InstallProtocolInterface: 330D4706-F2A0-4E4F-A369-B66FA8D54385 17FC87E68
InstallProtocolInterface: 09576E91-6D3F-11D2-8E39-00A0C969723B 17FC87B58
InstallProtocolInterface: 330D4706-F2A0-4E4F-A369-B66FA8D54385 17E419230
InstallProtocolInterface: AB38A0DF-6873-44A9-87E6-D4EB56148449 17FC87B08
InstallProtocolInterface: 28A03FF4-12B3-4305-A417-BB1A4F94081E 17E419218
Loading driver 51CCF399-4FDF-4E55-A45B-E123F84D456A
InstallProtocolInterface: 5B1B31A1-9562-11D2-8E3F-00A0C969723B 17E41A840
Loading driver at 0x0017FC69000 EntryPoint=0x0017FC6928A ConPlatformDxe.efi
InstallProtocolInterface: BC62157E-3E33-4FEC-9920-2D3B36D750DF 17E41A798
ProtectUefiImageCommon - 0x7E41A840
  - 0x000000017FC69000 - 0x000000000000A4C0
!!!!!!!!  Image Section Alignment(0x40) does not match Required Alignment (0x1000)  !!!!!!!!
ProtectUefiImage failed to create image properties record
InstallProtocolInterface: 18A031AB-B443-4D1A-A5C0-0C09261E9F71 17FC72D48
InstallProtocolInterface: 107A772C-D5E1-11D4-9A46-0090273FC14D 17FC72DA8
InstallProtocolInterface: 6A7A5CFF-E8D9-4F70-BADA-75AB3025CE14 17FC72DC0
InstallProtocolInterface: 18A031AB-B443-4D1A-A5C0-0C09261E9F71 17FC72D78
InstallProtocolInterface: 107A772C-D5E1-11D4-9A46-0090273FC14D 17FC72DA8
InstallProtocolInterface: 6A7A5CFF-E8D9-4F70-BADA-75AB3025CE14 17FC72DC0
Loading driver 408EDCEC-CF6D-477C-A5A8-B4844E3DE281
InstallProtocolInterface: 5B1B31A1-9562-11D2-8E3F-00A0C969723B 17E417BC0
Loading driver at 0x0017FC58000 EntryPoint=0x0017FC5828A ConSplitterDxe.efi
InstallProtocolInterface: BC62157E-3E33-4FEC-9920-2D3B36D750DF 17E417798
ProtectUefiImageCommon - 0x7E417BC0
  - 0x000000017FC58000 - 0x0000000000010580
!!!!!!!!  Image Section Alignment(0x40) does not match Required Alignment (0x1000)  !!!!!!!!
ProtectUefiImage failed to create image properties record
InstallProtocolInterface: 18A031AB-B443-4D1A-A5C0-0C09261E9F71 17FC67968
InstallProtocolInterface: 107A772C-D5E1-11D4-9A46-0090273FC14D 17FC67A58
InstallProtocolInterface: 6A7A5CFF-E8D9-4F70-BADA-75AB3025CE14 17FC67A70
InstallProtocolInterface: 18A031AB-B443-4D1A-A5C0-0C09261E9F71 17FC679F8
InstallProtocolInterface: 107A772C-D5E1-11D4-9A46-0090273FC14D 17FC67A88
InstallProtocolInterface: 6A7A5CFF-E8D9-4F70-BADA-75AB3025CE14 17FC67AA0
InstallProtocolInterface: 18A031AB-B443-4D1A-A5C0-0C09261E9F71 17FC67A28
InstallProtocolInterface: 107A772C-D5E1-11D4-9A46-0090273FC14D 17FC67AB8
InstallProtocolInterface: 6A7A5CFF-E8D9-4F70-BADA-75AB3025CE14 17FC67AD0
InstallProtocolInterface: 18A031AB-B443-4D1A-A5C0-0C09261E9F71 17FC67998
InstallProtocolInterface: 107A772C-D5E1-11D4-9A46-0090273FC14D 17FC67AE8
InstallProtocolInterface: 6A7A5CFF-E8D9-4F70-BADA-75AB3025CE14 17FC67B00
InstallProtocolInterface: 18A031AB-B443-4D1A-A5C0-0C09261E9F71 17FC679C8
InstallProtocolInterface: 107A772C-D5E1-11D4-9A46-0090273FC14D 17FC67B18
InstallProtocolInterface: 6A7A5CFF-E8D9-4F70-BADA-75AB3025CE14 17FC67B30
InstallProtocolInterface: 387477C1-69C7-11D2-8E39-00A0C969723B 17FC67598
InstallProtocolInterface: DD9E7534-7762-4698-8C14-F58517A625AA 17FC675C8
InstallProtocolInterface: 31878C87-0B75-11D5-9A4F-0090273FC14D 17FC67638
InstallProtocolInterface: 8D59D32B-C655-4AE9-9B15-F25904992A43 17FC67690
InstallProtocolInterface: 387477C2-69C7-11D2-8E39-00A0C969723B 17FC67758
InstallProtocolInterface: 387477C2-69C7-11D2-8E39-00A0C969723B 17FC67868
Loading driver CCCB0C28-4B24-11D5-9A5A-0090273FC14D
InstallProtocolInterface: 5B1B31A1-9562-11D2-8E3F-00A0C969723B 17E414740
Loading driver at 0x0017FC4A000 EntryPoint=0x0017FC4A28A GraphicsConsoleDxe.efi
InstallProtocolInterface: BC62157E-3E33-4FEC-9920-2D3B36D750DF 17E414A98
ProtectUefiImageCommon - 0x7E414740
  - 0x000000017FC4A000 - 0x000000000000D980
!!!!!!!!  Image Section Alignment(0x40) does not match Required Alignment (0x1000)  !!!!!!!!
ProtectUefiImage failed to create image properties record
InstallProtocolInterface: 18A031AB-B443-4D1A-A5C0-0C09261E9F71 17FC55D00
InstallProtocolInterface: 107A772C-D5E1-11D4-9A46-0090273FC14D 17FC55D30
InstallProtocolInterface: 6A7A5CFF-E8D9-4F70-BADA-75AB3025CE14 17FC55D48
Loading driver 9E863906-A40F-4875-977F-5B93FF237FC6
InstallProtocolInterface: 5B1B31A1-9562-11D2-8E3F-00A0C969723B 17E405140
Loading driver at 0x0017FC38000 EntryPoint=0x0017FC3828A TerminalDxe.efi
InstallProtocolInterface: BC62157E-3E33-4FEC-9920-2D3B36D750DF 17E405398
ProtectUefiImageCommon - 0x7E405140
  - 0x000000017FC38000 - 0x0000000000011D80
!!!!!!!!  Image Section Alignment(0x40) does not match Required Alignment (0x1000)  !!!!!!!!
ProtectUefiImage failed to create image properties record
InstallProtocolInterface: 18A031AB-B443-4D1A-A5C0-0C09261E9F71 17FC48BC8
InstallProtocolInterface: 107A772C-D5E1-11D4-9A46-0090273FC14D 17FC48E10
InstallProtocolInterface: 6A7A5CFF-E8D9-4F70-BADA-75AB3025CE14 17FC48E28
Loading driver 6B38F7B4-AD98-40E9-9093-ACA2B5A253C4
InstallProtocolInterface: 5B1B31A1-9562-11D2-8E3F-00A0C969723B 17E413040
Loading driver at 0x0017FC2C000 EntryPoint=0x0017FC2C28A DiskIoDxe.efi
InstallProtocolInterface: BC62157E-3E33-4FEC-9920-2D3B36D750DF 17E413E18
ProtectUefiImageCommon - 0x7E413040
  - 0x000000017FC2C000 - 0x000000000000B700
!!!!!!!!  Image Section Alignment(0x40) does not match Required Alignment (0x1000)  !!!!!!!!
ProtectUefiImage failed to create image properties record
InstallProtocolInterface: 18A031AB-B443-4D1A-A5C0-0C09261E9F71 17FC36F48
InstallProtocolInterface: 107A772C-D5E1-11D4-9A46-0090273FC14D 17FC37000
InstallProtocolInterface: 6A7A5CFF-E8D9-4F70-BADA-75AB3025CE14 17FC37018
Loading driver 1FA1F39E-FEFF-4AAE-BD7B-38A070A3B609
InstallProtocolInterface: 5B1B31A1-9562-11D2-8E3F-00A0C969723B 17E413340
Loading driver at 0x0017FC1D000 EntryPoint=0x0017FC1D28A PartitionDxe.efi
InstallProtocolInterface: BC62157E-3E33-4FEC-9920-2D3B36D750DF 17E413918
ProtectUefiImageCommon - 0x7E413340
  - 0x000000017FC1D000 - 0x000000000000EEC0
!!!!!!!!  Image Section Alignment(0x40) does not match Required Alignment (0x1000)  !!!!!!!!
ProtectUefiImage failed to create image properties record
InstallProtocolInterface: 18A031AB-B443-4D1A-A5C0-0C09261E9F71 17FC2B5C8
InstallProtocolInterface: 107A772C-D5E1-11D4-9A46-0090273FC14D 17FC2B618
InstallProtocolInterface: 6A7A5CFF-E8D9-4F70-BADA-75AB3025CE14 17FC2B630
Loading driver 961578FE-B6B7-44C3-AF35-6BC705CD2B1F
InstallProtocolInterface: 5B1B31A1-9562-11D2-8E3F-00A0C969723B 17E412B40
Loading driver at 0x0017FC08000 EntryPoint=0x0017FC0828A Fat.efi
InstallProtocolInterface: BC62157E-3E33-4FEC-9920-2D3B36D750DF 17E412098
ProtectUefiImageCommon - 0x7E412B40
  - 0x000000017FC08000 - 0x0000000000014180
!!!!!!!!  Image Section Alignment(0x40) does not match Required Alignment (0x1000)  !!!!!!!!
ProtectUefiImage failed to create image properties record
InstallProtocolInterface: 18A031AB-B443-4D1A-A5C0-0C09261E9F71 17FC1B6C8
InstallProtocolInterface: 107A772C-D5E1-11D4-9A46-0090273FC14D 17FC1B6F8
InstallProtocolInterface: 6A7A5CFF-E8D9-4F70-BADA-75AB3025CE14 17FC1B710
Loading driver CD3BAFB6-50FB-4FE8-8E4E-AB74D2C1A600
InstallProtocolInterface: 5B1B31A1-9562-11D2-8E3F-00A0C969723B 17E412140
Loading driver at 0x0017FC00000 EntryPoint=0x0017FC0028A EnglishDxe.efi
InstallProtocolInterface: BC62157E-3E33-4FEC-9920-2D3B36D750DF 17E412518
ProtectUefiImageCommon - 0x7E412140
  - 0x000000017FC00000 - 0x0000000000007500
!!!!!!!!  Image Section Alignment(0x40) does not match Required Alignment (0x1000)  !!!!!!!!
ProtectUefiImage failed to create image properties record
InstallProtocolInterface: 1D85CD7F-F43D-11D2-9A0C-0090273FC14D 17FC06BA8
InstallProtocolInterface: A4C751FC-23AE-4C3E-92E9-4964CF63F349 17FC06BE0
Loading driver 905F13B0-8F91-4B0A-BD76-E1E78F9422E4
InstallProtocolInterface: 5B1B31A1-9562-11D2-8E3F-00A0C969723B 17E411140
Loading driver at 0x0017FBF1000 EntryPoint=0x0017FBF128A UdfDxe.efi
InstallProtocolInterface: BC62157E-3E33-4FEC-9920-2D3B36D750DF 17E411B18
ProtectUefiImageCommon - 0x7E411140
  - 0x000000017FBF1000 - 0x000000000000E9C0
!!!!!!!!  Image Section Alignment(0x40) does not match Required Alignment (0x1000)  !!!!!!!!
ProtectUefiImage failed to create image properties record
InstallProtocolInterface: 18A031AB-B443-4D1A-A5C0-0C09261E9F71 17FBFF088
InstallProtocolInterface: 107A772C-D5E1-11D4-9A46-0090273FC14D 17FBFF0C8
InstallProtocolInterface: 6A7A5CFF-E8D9-4F70-BADA-75AB3025CE14 17FBFF0E0
Loading driver 7BD9DDF7-8B83-488E-AEC9-24C78610289C
InstallProtocolInterface: 5B1B31A1-9562-11D2-8E3F-00A0C969723B 17E411440
Loading driver at 0x0017FBDE000 EntryPoint=0x0017FBDE28A VirtioFsDxe.efi
InstallProtocolInterface: BC62157E-3E33-4FEC-9920-2D3B36D750DF 17E40D018
ProtectUefiImageCommon - 0x7E411440
  - 0x000000017FBDE000 - 0x00000000000126C0
!!!!!!!!  Image Section Alignment(0x40) does not match Required Alignment (0x1000)  !!!!!!!!
ProtectUefiImage failed to create image properties record
InstallProtocolInterface: 18A031AB-B443-4D1A-A5C0-0C09261E9F71 17FBEFB88
InstallProtocolInterface: 6A7A5CFF-E8D9-4F70-BADA-75AB3025CE14 17FBEFBB8
Loading driver 11D92DFB-3CA9-4F93-BA2E-4780ED3E03B5
InstallProtocolInterface: 5B1B31A1-9562-11D2-8E3F-00A0C969723B 17E40DCC0
Loading driver at 0x0017FBD4000 EntryPoint=0x0017FBD428A VirtioBlkDxe.efi
InstallProtocolInterface: BC62157E-3E33-4FEC-9920-2D3B36D750DF 17E40D918
ProtectUefiImageCommon - 0x7E40DCC0
  - 0x000000017FBD4000 - 0x0000000000009BC0
!!!!!!!!  Image Section Alignment(0x40) does not match Required Alignment (0x1000)  !!!!!!!!
ProtectUefiImage failed to create image properties record
InstallProtocolInterface: 18A031AB-B443-4D1A-A5C0-0C09261E9F71 17FBDD4C8
InstallProtocolInterface: 107A772C-D5E1-11D4-9A46-0090273FC14D 17FBDD518
InstallProtocolInterface: 6A7A5CFF-E8D9-4F70-BADA-75AB3025CE14 17FBDD530
Loading driver A92CDB4B-82F1-4E0B-A516-8A655D371524
InstallProtocolInterface: 5B1B31A1-9562-11D2-8E3F-00A0C969723B 17E40D2C0
Loading driver at 0x0017FBC6000 EntryPoint=0x0017FBC628A VirtioNetDxe.efi
InstallProtocolInterface: BC62157E-3E33-4FEC-9920-2D3B36D750DF 17E40CF98
ProtectUefiImageCommon - 0x7E40D2C0
  - 0x000000017FBC6000 - 0x000000000000DC40
!!!!!!!!  Image Section Alignment(0x40) does not match Required Alignment (0x1000)  !!!!!!!!
ProtectUefiImage failed to create image properties record
InstallProtocolInterface: 18A031AB-B443-4D1A-A5C0-0C09261E9F71 17FBD34F8
InstallProtocolInterface: 107A772C-D5E1-11D4-9A46-0090273FC14D 17FBD34C8
InstallProtocolInterface: 6A7A5CFF-E8D9-4F70-BADA-75AB3025CE14 17FBD34E0
Loading driver FAB5D4F4-83C0-4AAF-8480-442D11DF6CEA
InstallProtocolInterface: 5B1B31A1-9562-11D2-8E3F-00A0C969723B 17E40C140
Loading driver at 0x0017FBBB000 EntryPoint=0x0017FBBB28A VirtioScsiDxe.efi
InstallProtocolInterface: BC62157E-3E33-4FEC-9920-2D3B36D750DF 17E40C398
ProtectUefiImageCommon - 0x7E40C140
  - 0x000000017FBBB000 - 0x000000000000A5C0
!!!!!!!!  Image Section Alignment(0x40) does not match Required Alignment (0x1000)  !!!!!!!!
ProtectUefiImage failed to create image properties record
InstallProtocolInterface: 18A031AB-B443-4D1A-A5C0-0C09261E9F71 17FBC4E48
InstallProtocolInterface: 107A772C-D5E1-11D4-9A46-0090273FC14D 17FBC4E98
InstallProtocolInterface: 6A7A5CFF-E8D9-4F70-BADA-75AB3025CE14 17FBC4EB0
Loading driver 58E26F0D-CBAC-4BBA-B70F-18221415665A
InstallProtocolInterface: 5B1B31A1-9562-11D2-8E3F-00A0C969723B 17E40C540
Loading driver at 0x0017FBB1000 EntryPoint=0x0017FBB128A VirtioRngDxe.efi
InstallProtocolInterface: BC62157E-3E33-4FEC-9920-2D3B36D750DF 17E40BB18
ProtectUefiImageCommon - 0x7E40C540
  - 0x000000017FBB1000 - 0x0000000000009200
!!!!!!!!  Image Section Alignment(0x40) does not match Required Alignment (0x1000)  !!!!!!!!
ProtectUefiImage failed to create image properties record
InstallProtocolInterface: 18A031AB-B443-4D1A-A5C0-0C09261E9F71 17FBB9B58
InstallProtocolInterface: 107A772C-D5E1-11D4-9A46-0090273FC14D 17FBB9BA8
InstallProtocolInterface: 6A7A5CFF-E8D9-4F70-BADA-75AB3025CE14 17FBB9BC0
Loading driver 0167CCC4-D0F7-4F21-A3EF-9E64B7CDCE8B
InstallProtocolInterface: 5B1B31A1-9562-11D2-8E3F-00A0C969723B 17E40B0C0
Loading driver at 0x0017FBA6000 EntryPoint=0x0017FBA628A ScsiBus.efi
InstallProtocolInterface: BC62157E-3E33-4FEC-9920-2D3B36D750DF 17E40BA98
ProtectUefiImageCommon - 0x7E40B0C0
  - 0x000000017FBA6000 - 0x000000000000AE80
!!!!!!!!  Image Section Alignment(0x40) does not match Required Alignment (0x1000)  !!!!!!!!
ProtectUefiImage failed to create image properties record
InstallProtocolInterface: 18A031AB-B443-4D1A-A5C0-0C09261E9F71 17FBB0748
InstallProtocolInterface: 107A772C-D5E1-11D4-9A46-0090273FC14D 17FBB0778
InstallProtocolInterface: 6A7A5CFF-E8D9-4F70-BADA-75AB3025CE14 17FBB0790
Loading driver 0A66E322-3740-4CCE-AD62-BD172CECCA35
InstallProtocolInterface: 5B1B31A1-9562-11D2-8E3F-00A0C969723B 17E40B4C0
Loading driver at 0x0017FB91000 EntryPoint=0x0017FB9128A ScsiDisk.efi
InstallProtocolInterface: BC62157E-3E33-4FEC-9920-2D3B36D750DF 17E40AC18
ProtectUefiImageCommon - 0x7E40B4C0
  - 0x000000017FB91000 - 0x0000000000014A80
!!!!!!!!  Image Section Alignment(0x40) does not match Required Alignment (0x1000)  !!!!!!!!
ProtectUefiImage failed to create image properties record
InstallProtocolInterface: 18A031AB-B443-4D1A-A5C0-0C09261E9F71 17FBA5088
InstallProtocolInterface: 107A772C-D5E1-11D4-9A46-0090273FC14D 17FBA50E8
InstallProtocolInterface: 6A7A5CFF-E8D9-4F70-BADA-75AB3025CE14 17FBA5100
Loading driver 820C59BB-274C-43B2-83EA-DAC673035A59
InstallProtocolInterface: 5B1B31A1-9562-11D2-8E3F-00A0C969723B 17E40A7C0
Loading driver at 0x0017FB87000 EntryPoint=0x0017FB8728A SataController.efi
InstallProtocolInterface: BC62157E-3E33-4FEC-9920-2D3B36D750DF 17E40A698
ProtectUefiImageCommon - 0x7E40A7C0
  - 0x000000017FB87000 - 0x0000000000009B80
!!!!!!!!  Image Section Alignment(0x40) does not match Required Alignment (0x1000)  !!!!!!!!
ProtectUefiImage failed to create image properties record
InstallProtocolInterface: 18A031AB-B443-4D1A-A5C0-0C09261E9F71 17FB90488
InstallProtocolInterface: 107A772C-D5E1-11D4-9A46-0090273FC14D 17FB904B8
InstallProtocolInterface: 6A7A5CFF-E8D9-4F70-BADA-75AB3025CE14 17FB904D0
Loading driver 19DF145A-B1D4-453F-8507-38816676D7F6
InstallProtocolInterface: 5B1B31A1-9562-11D2-8E3F-00A0C969723B 17E409040
Loading driver at 0x0017FB79000 EntryPoint=0x0017FB7928A AtaBusDxe.efi
InstallProtocolInterface: BC62157E-3E33-4FEC-9920-2D3B36D750DF 17E40A418
ProtectUefiImageCommon - 0x7E409040
  - 0x000000017FB79000 - 0x000000000000DF80
!!!!!!!!  Image Section Alignment(0x40) does not match Required Alignment (0x1000)  !!!!!!!!
ProtectUefiImage failed to create image properties record
InstallProtocolInterface: 18A031AB-B443-4D1A-A5C0-0C09261E9F71 17FB865C8
InstallProtocolInterface: 107A772C-D5E1-11D4-9A46-0090273FC14D 17FB86840
InstallProtocolInterface: 6A7A5CFF-E8D9-4F70-BADA-75AB3025CE14 17FB86858
Loading driver 5E523CB4-D397-4986-87BD-A6DD8B22F455
InstallProtocolInterface: 5B1B31A1-9562-11D2-8E3F-00A0C969723B 17E4099C0
Loading driver at 0x0017FB62000 EntryPoint=0x0017FB6228A AtaAtapiPassThruDxe.efi
InstallProtocolInterface: BC62157E-3E33-4FEC-9920-2D3B36D750DF 17E409398
ProtectUefiImageCommon - 0x7E4099C0
  - 0x000000017FB62000 - 0x0000000000016580
!!!!!!!!  Image Section Alignment(0x40) does not match Required Alignment (0x1000)  !!!!!!!!
ProtectUefiImage failed to create image properties record
InstallProtocolInterface: 18A031AB-B443-4D1A-A5C0-0C09261E9F71 17FB77908
InstallProtocolInterface: 107A772C-D5E1-11D4-9A46-0090273FC14D 17FB77B58
InstallProtocolInterface: 6A7A5CFF-E8D9-4F70-BADA-75AB3025CE14 17FB77B70
Loading driver 5BE3BDF4-53CF-46A3-A6A9-73C34A6E5EE3
InstallProtocolInterface: 5B1B31A1-9562-11D2-8E3F-00A0C969723B 17E408040
Loading driver at 0x0017FB4D000 EntryPoint=0x0017FB4D28A NvmExpressDxe.efi
InstallProtocolInterface: BC62157E-3E33-4FEC-9920-2D3B36D750DF 17E408E98
ProtectUefiImageCommon - 0x7E408040
  - 0x000000017FB4D000 - 0x0000000000014E00
!!!!!!!!  Image Section Alignment(0x40) does not match Required Alignment (0x1000)  !!!!!!!!
ProtectUefiImage failed to create image properties record
InstallProtocolInterface: 18A031AB-B443-4D1A-A5C0-0C09261E9F71 17FB60F88
InstallProtocolInterface: 107A772C-D5E1-11D4-9A46-0090273FC14D 17FB61000
InstallProtocolInterface: 6A7A5CFF-E8D9-4F70-BADA-75AB3025CE14 17FB61018
InstallProtocolInterface: 5C198761-16A8-4E69-972C-89D67954F81D 17FB60FB8
Loading driver B8E62775-BB0A-43F0-A843-5BE8B14F8CCD
InstallProtocolInterface: 5B1B31A1-9562-11D2-8E3F-00A0C969723B 17E4083C0
Loading driver at 0x0017FB43000 EntryPoint=0x0017FB4328A BootGraphicsResourceTableDxe.efi
InstallProtocolInterface: BC62157E-3E33-4FEC-9920-2D3B36D750DF 17E408998
ProtectUefiImageCommon - 0x7E4083C0
  - 0x000000017FB43000 - 0x0000000000009440
!!!!!!!!  Image Section Alignment(0x40) does not match Required Alignment (0x1000)  !!!!!!!!
ProtectUefiImage failed to create image properties record
InstallProtocolInterface: CDEA2BD3-FC25-4C1C-B97C-B31186064990 17FB4BD88
InstallProtocolInterface: 4B5DC1DF-1EAA-48B2-A7E9-EAC489A00B5C 17FB4BD90
Loading driver 93B80004-9FB3-11D4-9A3A-0090273FC14D
InstallProtocolInterface: 5B1B31A1-9562-11D2-8E3F-00A0C969723B 17E4070C0
Loading driver at 0x0017FB24000 EntryPoint=0x0017FB2428A PciBusDxe.efi
InstallProtocolInterface: BC62157E-3E33-4FEC-9920-2D3B36D750DF 17E407A98
ProtectUefiImageCommon - 0x7E4070C0
  - 0x000000017FB24000 - 0x000000000001EEC0
!!!!!!!!  Image Section Alignment(0x40) does not match Required Alignment (0x1000)  !!!!!!!!
ProtectUefiImage failed to create image properties record
InstallProtocolInterface: 18A031AB-B443-4D1A-A5C0-0C09261E9F71 17FB41E88
InstallProtocolInterface: 107A772C-D5E1-11D4-9A46-0090273FC14D 17FB41ED0
InstallProtocolInterface: 6A7A5CFF-E8D9-4F70-BADA-75AB3025CE14 17FB41EE8
InstallProtocolInterface: 19CB87AB-2CB9-4665-8360-DDCF6054F79D 17FB41EC8
Loading driver 83DD3B39-7CAF-4FAC-A542-E050B767E3A7
InstallProtocolInterface: 5B1B31A1-9562-11D2-8E3F-00A0C969723B 17E406040
Loading driver at 0x0017FB1A000 EntryPoint=0x0017FB1A28A VirtioPciDeviceDxe.efi
InstallProtocolInterface: BC62157E-3E33-4FEC-9920-2D3B36D750DF 17E407A18
ProtectUefiImageCommon - 0x7E406040
  - 0x000000017FB1A000 - 0x0000000000009140
!!!!!!!!  Image Section Alignment(0x40) does not match Required Alignment (0x1000)  !!!!!!!!
ProtectUefiImage failed to create image properties record
InstallProtocolInterface: 18A031AB-B443-4D1A-A5C0-0C09261E9F71 17FB22A58
InstallProtocolInterface: 107A772C-D5E1-11D4-9A46-0090273FC14D 17FB22AA8
InstallProtocolInterface: 6A7A5CFF-E8D9-4F70-BADA-75AB3025CE14 17FB22AC0
Loading driver 0170F60C-1D40-4651-956D-F0BD9879D527
InstallProtocolInterface: 5B1B31A1-9562-11D2-8E3F-00A0C969723B 17E4062C0
Loading driver at 0x0017FB0D000 EntryPoint=0x0017FB0D28A Virtio10.efi
InstallProtocolInterface: BC62157E-3E33-4FEC-9920-2D3B36D750DF 17E406A18
ProtectUefiImageCommon - 0x7E4062C0
  - 0x000000017FB0D000 - 0x000000000000C500
!!!!!!!!  Image Section Alignment(0x40) does not match Required Alignment (0x1000)  !!!!!!!!
ProtectUefiImage failed to create image properties record
InstallProtocolInterface: 18A031AB-B443-4D1A-A5C0-0C09261E9F71 17FB18D48
InstallProtocolInterface: 107A772C-D5E1-11D4-9A46-0090273FC14D 17FB18D98
InstallProtocolInterface: 6A7A5CFF-E8D9-4F70-BADA-75AB3025CE14 17FB18DB0
Loading driver D6099B94-CD97-4CC5-8714-7F6312701A8A
InstallProtocolInterface: 5B1B31A1-9562-11D2-8E3F-00A0C969723B 17E3F6040
Loading driver at 0x0017FAFF000 EntryPoint=0x0017FAFF28A VirtioGpuDxe.efi
InstallProtocolInterface: BC62157E-3E33-4FEC-9920-2D3B36D750DF 17E3F6D18
ProtectUefiImageCommon - 0x7E3F6040
  - 0x000000017FAFF000 - 0x000000000000DB80
!!!!!!!!  Image Section Alignment(0x40) does not match Required Alignment (0x1000)  !!!!!!!!
ProtectUefiImage failed to create image properties record
InstallProtocolInterface: 18A031AB-B443-4D1A-A5C0-0C09261E9F71 17FB0C408
InstallProtocolInterface: 6A7A5CFF-E8D9-4F70-BADA-75AB3025CE14 17FB094E0
Loading driver 2FB92EFA-2EE0-4BAE-9EB6-7464125E1EF7
InstallProtocolInterface: 5B1B31A1-9562-11D2-8E3F-00A0C969723B 17E3F69C0
Loading driver at 0x0017FAEF000 EntryPoint=0x0017FAEF28A UhciDxe.efi
InstallProtocolInterface: BC62157E-3E33-4FEC-9920-2D3B36D750DF 17E3F6398
ProtectUefiImageCommon - 0x7E3F69C0
  - 0x000000017FAEF000 - 0x000000000000FE00
!!!!!!!!  Image Section Alignment(0x40) does not match Required Alignment (0x1000)  !!!!!!!!
ProtectUefiImage failed to create image properties record
InstallProtocolInterface: 18A031AB-B443-4D1A-A5C0-0C09261E9F71 17FAFE588
InstallProtocolInterface: 107A772C-D5E1-11D4-9A46-0090273FC14D 17FAFE5B8
InstallProtocolInterface: 6A7A5CFF-E8D9-4F70-BADA-75AB3025CE14 17FAFE5D0
Loading driver BDFE430E-8F2A-4DB0-9991-6F856594777E
InstallProtocolInterface: 5B1B31A1-9562-11D2-8E3F-00A0C969723B 17E404040
Loading driver at 0x0017FADC000 EntryPoint=0x0017FADC28A EhciDxe.efi
InstallProtocolInterface: BC62157E-3E33-4FEC-9920-2D3B36D750DF 17E404E98
ProtectUefiImageCommon - 0x7E404040
  - 0x000000017FADC000 - 0x0000000000012A80
!!!!!!!!  Image Section Alignment(0x40) does not match Required Alignment (0x1000)  !!!!!!!!
ProtectUefiImage failed to create image properties record
InstallProtocolInterface: 18A031AB-B443-4D1A-A5C0-0C09261E9F71 17FAEE178
InstallProtocolInterface: 107A772C-D5E1-11D4-9A46-0090273FC14D 17FAEE1A8
InstallProtocolInterface: 6A7A5CFF-E8D9-4F70-BADA-75AB3025CE14 17FAEE1C0
Loading driver B7F50E91-A759-412C-ADE4-DCD03E7F7C28
InstallProtocolInterface: 5B1B31A1-9562-11D2-8E3F-00A0C969723B 17E404AC0
Loading driver at 0x0017FAC1000 EntryPoint=0x0017FAC128A XhciDxe.efi
InstallProtocolInterface: BC62157E-3E33-4FEC-9920-2D3B36D750DF 17E404818
ProtectUefiImageCommon - 0x7E404AC0
  - 0x000000017FAC1000 - 0x000000000001AE00
!!!!!!!!  Image Section Alignment(0x40) does not match Required Alignment (0x1000)  !!!!!!!!
ProtectUefiImage failed to create image properties record
InstallProtocolInterface: 18A031AB-B443-4D1A-A5C0-0C09261E9F71 17FADB150
InstallProtocolInterface: 107A772C-D5E1-11D4-9A46-0090273FC14D 17FADB1F0
InstallProtocolInterface: 6A7A5CFF-E8D9-4F70-BADA-75AB3025CE14 17FADB208
Loading driver 240612B7-A063-11D4-9A3A-0090273FC14D
InstallProtocolInterface: 5B1B31A1-9562-11D2-8E3F-00A0C969723B 17E403040
Loading driver at 0x0017FAAD000 EntryPoint=0x0017FAAD28A UsbBusDxe.efi
InstallProtocolInterface: BC62157E-3E33-4FEC-9920-2D3B36D750DF 17E403298
ProtectUefiImageCommon - 0x7E403040
  - 0x000000017FAAD000 - 0x0000000000013100
!!!!!!!!  Image Section Alignment(0x40) does not match Required Alignment (0x1000)  !!!!!!!!
ProtectUefiImage failed to create image properties record
InstallProtocolInterface: 18A031AB-B443-4D1A-A5C0-0C09261E9F71 17FABF6B0
InstallProtocolInterface: 107A772C-D5E1-11D4-9A46-0090273FC14D 17FABF7A0
InstallProtocolInterface: 6A7A5CFF-E8D9-4F70-BADA-75AB3025CE14 17FABF7B8
Loading driver 2D2E62CF-9ECF-43B7-8219-94E7FC713DFE
InstallProtocolInterface: 5B1B31A1-9562-11D2-8E3F-00A0C969723B 17E403440
Loading driver at 0x0017FA9D000 EntryPoint=0x0017FA9D28A UsbKbDxe.efi
InstallProtocolInterface: BC62157E-3E33-4FEC-9920-2D3B36D750DF 17E403A18
ProtectUefiImageCommon - 0x7E403440
  - 0x000000017FA9D000 - 0x000000000000F200
!!!!!!!!  Image Section Alignment(0x40) does not match Required Alignment (0x1000)  !!!!!!!!
ProtectUefiImage failed to create image properties record
InstallProtocolInterface: 18A031AB-B443-4D1A-A5C0-0C09261E9F71 17FAAB148
InstallProtocolInterface: 107A772C-D5E1-11D4-9A46-0090273FC14D 17FAAB900
InstallProtocolInterface: 6A7A5CFF-E8D9-4F70-BADA-75AB3025CE14 17FAAB918
Loading driver 9FB4B4A7-42C0-4BCD-8540-9BCC6711F83E
InstallProtocolInterface: 5B1B31A1-9562-11D2-8E3F-00A0C969723B 17E402B40
Loading driver at 0x0017FA90000 EntryPoint=0x0017FA9028A UsbMassStorageDxe.efi
InstallProtocolInterface: BC62157E-3E33-4FEC-9920-2D3B36D750DF 17E402A98
ProtectUefiImageCommon - 0x7E402B40
  - 0x000000017FA90000 - 0x000000000000CDC0
!!!!!!!!  Image Section Alignment(0x40) does not match Required Alignment (0x1000)  !!!!!!!!
ProtectUefiImage failed to create image properties record
InstallProtocolInterface: 18A031AB-B443-4D1A-A5C0-0C09261E9F71 17FA9C4E0
InstallProtocolInterface: 107A772C-D5E1-11D4-9A46-0090273FC14D 17FA9C5D0
InstallProtocolInterface: 6A7A5CFF-E8D9-4F70-BADA-75AB3025CE14 17FA9C5E8
Driver A487A478-51EF-48AA-8794-7BEE2A0562F1 was discovered but not loaded!!
Driver 19618BCE-55AE-09C6-37E9-4CE04084C7A1 was discovered but not loaded!!
Driver E4F61863-FE2C-4B56-A8F4-08519BC439DF was discovered but not loaded!!
Driver 025BBFC7-E6A9-4B8B-82AD-6815A1AEAF4A was discovered but not loaded!!
Driver 529D3F93-E8E9-4E73-B1E1-BDF6A9D50113 was discovered but not loaded!!
Driver 94734718-0BBC-47FB-96A5-EE7A5AE6A2AD was discovered but not loaded!!
Driver 9FB1A1F3-3B71-4324-B39A-745CBB015FFF was discovered but not loaded!!
Driver 6D6963AB-906D-4A65-A7CA-BD40E5D6AF2B was discovered but not loaded!!
Driver DC3641B8-2FA8-4ED3-BC1F-F9962A03454B was discovered but not loaded!!
Driver 1A7E4468-2F55-4A56-903C-01265EB7622B was discovered but not loaded!!
Driver B95E9FDA-26DE-48D2-8807-1F9107AC5E3A was discovered but not loaded!!
Driver 9622E42C-8E38-4A08-9E8F-54F784652F6B was discovered but not loaded!!
Driver 17985E6F-E778-4D94-AEFA-C5DD2B77E186 was discovered but not loaded!!
[Bds] Entry...
[BdsDxe] Locate Variable Policy protocol - Success
Variable Driver Auto Update PlatformLang, PlatformLang:en, Lang:eng Status: Success
DXE - Total Runtime Image Count: 0x9
DXE - Dump Runtime Image Records:
MonotonicCounterRuntimeDxe.efi: 0x17FE59000 - 0x17FE63000
  Code Section: 0x17FE5A000 - 0x17FE61000
CapsuleRuntimeDxe.efi: 0x17FE63000 - 0x17FE6E000
  Code Section: 0x17FE64000 - 0x17FE6C000
RealTimeClock.efi: 0x17FE6E000 - 0x17FE79000
  Code Section: 0x17FE6F000 - 0x17FE77000
ResetSystemRuntimeDxe.efi: 0x17FE79000 - 0x17FE84000
  Code Section: 0x17FE7A000 - 0x17FE82000
VariableRuntimeDxe.efi: 0x17FE84000 - 0x17FEA1000
  Code Section: 0x17FE85000 - 0x17FE9F000
RuntimeDxe.efi: 0x17FEA1000 - 0x17FEAC000
  Code Section: 0x17FEA2000 - 0x17FEAA000
VirtNorFlashDxe.efi: 0x17FEAC000 - 0x17FEBC000
  Code Section: 0x17FEAD000 - 0x17FEBA000
StatusCodeHandlerRuntimeDxe.efi: 0x17FEBC000 - 0x17FEC7000
  Code Section: 0x17FEBD000 - 0x17FEC5000
ReportStatusCodeRouterRuntimeDxe.efi: 0x17FEC7000 - 0x17FED3000
  Code Section: 0x17FEC8000 - 0x17FED1000
[Variable]END_OF_DXE is signaled
Initialize variable error flag (FF)
PCI Bus First Scanning
PciBus: Discovered PCI @ [00|00|00]  [VID = 0x1B36, DID = 0x8]

PciBus: Discovered PPB @ [00|01|00]  [VID = 0x1B36, DID = 0xC]
   Padding: Type =  Mem32; Alignment = 0x1FFFFF;	Length = 0x200000
   BAR[0]: Type =  Mem32; Alignment = 0xFFF;	Length = 0x1000;	Offset = 0x10

PciBus: Discovered PCI @ [01|00|00]  [VID = 0x1AF4, DID = 0x1041]
   BAR[1]: Type =  Mem32; Alignment = 0xFFF;	Length = 0x1000;	Offset = 0x14
   BAR[4]: Type = PMem64; Alignment = 0x3FFF;	Length = 0x4000;	Offset = 0x20

PciBus: Discovered PPB @ [00|01|01]  [VID = 0x1B36, DID = 0xC]
   Padding: Type =  Mem32; Alignment = 0x1FFFFF;	Length = 0x200000
   BAR[0]: Type =  Mem32; Alignment = 0xFFF;	Length = 0x1000;	Offset = 0x10

PciBus: Discovered PCI @ [02|00|00]  [VID = 0x1B36, DID = 0xD]
   BAR[0]: Type =  Mem64; Alignment = 0x3FFF;	Length = 0x4000;	Offset = 0x10

PciBus: Discovered PPB @ [00|01|02]  [VID = 0x1B36, DID = 0xC]
   Padding: Type =  Mem32; Alignment = 0x1FFFFF;	Length = 0x200000
   BAR[0]: Type =  Mem32; Alignment = 0xFFF;	Length = 0x1000;	Offset = 0x10

PciBus: Discovered PCI @ [03|00|00]  [VID = 0x1AF4, DID = 0x1043]
   BAR[1]: Type =  Mem32; Alignment = 0xFFF;	Length = 0x1000;	Offset = 0x14
   BAR[4]: Type = PMem64; Alignment = 0x3FFF;	Length = 0x4000;	Offset = 0x20

PciBus: Discovered PPB @ [00|01|03]  [VID = 0x1B36, DID = 0xC]
   Padding: Type =  Mem32; Alignment = 0x1FFFFF;	Length = 0x200000
   BAR[0]: Type =  Mem32; Alignment = 0xFFF;	Length = 0x1000;	Offset = 0x10

PciBus: Discovered PCI @ [04|00|00]  [VID = 0x1AF4, DID = 0x1042]
   BAR[1]: Type =  Mem32; Alignment = 0xFFF;	Length = 0x1000;	Offset = 0x14
   BAR[4]: Type = PMem64; Alignment = 0x3FFF;	Length = 0x4000;	Offset = 0x20

PciBus: Discovered PPB @ [00|01|04]  [VID = 0x1B36, DID = 0xC]
   Padding: Type =  Mem32; Alignment = 0x1FFFFF;	Length = 0x200000
   BAR[0]: Type =  Mem32; Alignment = 0xFFF;	Length = 0x1000;	Offset = 0x10

PciBus: Discovered PCI @ [05|00|00]  [VID = 0x1AF4, DID = 0x1045]
   BAR[4]: Type = PMem64; Alignment = 0x3FFF;	Length = 0x4000;	Offset = 0x20

PciBus: Discovered PPB @ [00|01|05]  [VID = 0x1B36, DID = 0xC]
   Padding: Type =  Mem32; Alignment = 0x1FFFFF;	Length = 0x200000
   BAR[0]: Type =  Mem32; Alignment = 0xFFF;	Length = 0x1000;	Offset = 0x10

PciBus: Discovered PCI @ [06|00|00]  [VID = 0x1AF4, DID = 0x1044]
   BAR[1]: Type =  Mem32; Alignment = 0xFFF;	Length = 0x1000;	Offset = 0x14
   BAR[4]: Type = PMem64; Alignment = 0x3FFF;	Length = 0x4000;	Offset = 0x20

PciBus: Discovered PPB @ [00|01|06]  [VID = 0x1B36, DID = 0xC]
   Padding: Type =  Mem32; Alignment = 0x1FFFFF;	Length = 0x200000
   BAR[0]: Type =  Mem32; Alignment = 0xFFF;	Length = 0x1000;	Offset = 0x10

PciBus: Discovered PPB @ [00|01|07]  [VID = 0x1B36, DID = 0xC]
   Padding: Type =  Mem32; Alignment = 0x1FFFFF;	Length = 0x200000
   BAR[0]: Type =  Mem32; Alignment = 0xFFF;	Length = 0x1000;	Offset = 0x10

PciBus: Discovered PPB @ [00|02|00]  [VID = 0x1B36, DID = 0xC]
   Padding: Type =  Mem32; Alignment = 0x1FFFFF;	Length = 0x200000
   BAR[0]: Type =  Mem32; Alignment = 0xFFF;	Length = 0x1000;	Offset = 0x10

PciBus: Discovered PPB @ [00|02|01]  [VID = 0x1B36, DID = 0xC]
   Padding: Type =  Mem32; Alignment = 0x1FFFFF;	Length = 0x200000
   BAR[0]: Type =  Mem32; Alignment = 0xFFF;	Length = 0x1000;	Offset = 0x10

PciBus: Discovered PPB @ [00|02|02]  [VID = 0x1B36, DID = 0xC]
   Padding: Type =  Mem32; Alignment = 0x1FFFFF;	Length = 0x200000
   BAR[0]: Type =  Mem32; Alignment = 0xFFF;	Length = 0x1000;	Offset = 0x10

PciBus: Discovered PPB @ [00|02|03]  [VID = 0x1B36, DID = 0xC]
   Padding: Type =  Mem32; Alignment = 0x1FFFFF;	Length = 0x200000
   BAR[0]: Type =  Mem32; Alignment = 0xFFF;	Length = 0x1000;	Offset = 0x10

PciBus: Discovered PPB @ [00|02|04]  [VID = 0x1B36, DID = 0xC]
   Padding: Type =  Mem32; Alignment = 0x1FFFFF;	Length = 0x200000
   BAR[0]: Type =  Mem32; Alignment = 0xFFF;	Length = 0x1000;	Offset = 0x10

PciBus: Discovered PPB @ [00|02|05]  [VID = 0x1B36, DID = 0xC]
   Padding: Type =  Mem32; Alignment = 0x1FFFFF;	Length = 0x200000
   BAR[0]: Type =  Mem32; Alignment = 0xFFF;	Length = 0x1000;	Offset = 0x10

PCI Bus Second Scanning
PciBus: Discovered PCI @ [00|00|00]  [VID = 0x1B36, DID = 0x8]

PciBus: Discovered PPB @ [00|01|00]  [VID = 0x1B36, DID = 0xC]
   Padding: Type =  Mem32; Alignment = 0x1FFFFF;	Length = 0x200000
   BAR[0]: Type =  Mem32; Alignment = 0xFFF;	Length = 0x1000;	Offset = 0x10

PciBus: Discovered PCI @ [01|00|00]  [VID = 0x1AF4, DID = 0x1041]
   BAR[1]: Type =  Mem32; Alignment = 0xFFF;	Length = 0x1000;	Offset = 0x14
   BAR[4]: Type = PMem64; Alignment = 0x3FFF;	Length = 0x4000;	Offset = 0x20

PciBus: Discovered PPB @ [00|01|01]  [VID = 0x1B36, DID = 0xC]
   Padding: Type =  Mem32; Alignment = 0x1FFFFF;	Length = 0x200000
   BAR[0]: Type =  Mem32; Alignment = 0xFFF;	Length = 0x1000;	Offset = 0x10

PciBus: Discovered PCI @ [02|00|00]  [VID = 0x1B36, DID = 0xD]
   BAR[0]: Type =  Mem64; Alignment = 0x3FFF;	Length = 0x4000;	Offset = 0x10

PciBus: Discovered PPB @ [00|01|02]  [VID = 0x1B36, DID = 0xC]
   Padding: Type =  Mem32; Alignment = 0x1FFFFF;	Length = 0x200000
   BAR[0]: Type =  Mem32; Alignment = 0xFFF;	Length = 0x1000;	Offset = 0x10

PciBus: Discovered PCI @ [03|00|00]  [VID = 0x1AF4, DID = 0x1043]
   BAR[1]: Type =  Mem32; Alignment = 0xFFF;	Length = 0x1000;	Offset = 0x14
   BAR[4]: Type = PMem64; Alignment = 0x3FFF;	Length = 0x4000;	Offset = 0x20

PciBus: Discovered PPB @ [00|01|03]  [VID = 0x1B36, DID = 0xC]
   Padding: Type =  Mem32; Alignment = 0x1FFFFF;	Length = 0x200000
   BAR[0]: Type =  Mem32; Alignment = 0xFFF;	Length = 0x1000;	Offset = 0x10

PciBus: Discovered PCI @ [04|00|00]  [VID = 0x1AF4, DID = 0x1042]
   BAR[1]: Type =  Mem32; Alignment = 0xFFF;	Length = 0x1000;	Offset = 0x14
   BAR[4]: Type = PMem64; Alignment = 0x3FFF;	Length = 0x4000;	Offset = 0x20

PciBus: Discovered PPB @ [00|01|04]  [VID = 0x1B36, DID = 0xC]
   Padding: Type =  Mem32; Alignment = 0x1FFFFF;	Length = 0x200000
   BAR[0]: Type =  Mem32; Alignment = 0xFFF;	Length = 0x1000;	Offset = 0x10

PciBus: Discovered PCI @ [05|00|00]  [VID = 0x1AF4, DID = 0x1045]
   BAR[4]: Type = PMem64; Alignment = 0x3FFF;	Length = 0x4000;	Offset = 0x20

PciBus: Discovered PPB @ [00|01|05]  [VID = 0x1B36, DID = 0xC]
   Padding: Type =  Mem32; Alignment = 0x1FFFFF;	Length = 0x200000
   BAR[0]: Type =  Mem32; Alignment = 0xFFF;	Length = 0x1000;	Offset = 0x10

PciBus: Discovered PCI @ [06|00|00]  [VID = 0x1AF4, DID = 0x1044]
   BAR[1]: Type =  Mem32; Alignment = 0xFFF;	Length = 0x1000;	Offset = 0x14
   BAR[4]: Type = PMem64; Alignment = 0x3FFF;	Length = 0x4000;	Offset = 0x20

PciBus: Discovered PPB @ [00|01|06]  [VID = 0x1B36, DID = 0xC]
   Padding: Type =  Mem32; Alignment = 0x1FFFFF;	Length = 0x200000
   BAR[0]: Type =  Mem32; Alignment = 0xFFF;	Length = 0x1000;	Offset = 0x10

PciBus: Discovered PPB @ [00|01|07]  [VID = 0x1B36, DID = 0xC]
   Padding: Type =  Mem32; Alignment = 0x1FFFFF;	Length = 0x200000
   BAR[0]: Type =  Mem32; Alignment = 0xFFF;	Length = 0x1000;	Offset = 0x10

PciBus: Discovered PPB @ [00|02|00]  [VID = 0x1B36, DID = 0xC]
   Padding: Type =  Mem32; Alignment = 0x1FFFFF;	Length = 0x200000
   BAR[0]: Type =  Mem32; Alignment = 0xFFF;	Length = 0x1000;	Offset = 0x10

PciBus: Discovered PPB @ [00|02|01]  [VID = 0x1B36, DID = 0xC]
   Padding: Type =  Mem32; Alignment = 0x1FFFFF;	Length = 0x200000
   BAR[0]: Type =  Mem32; Alignment = 0xFFF;	Length = 0x1000;	Offset = 0x10

PciBus: Discovered PPB @ [00|02|02]  [VID = 0x1B36, DID = 0xC]
   Padding: Type =  Mem32; Alignment = 0x1FFFFF;	Length = 0x200000
   BAR[0]: Type =  Mem32; Alignment = 0xFFF;	Length = 0x1000;	Offset = 0x10

PciBus: Discovered PPB @ [00|02|03]  [VID = 0x1B36, DID = 0xC]
   Padding: Type =  Mem32; Alignment = 0x1FFFFF;	Length = 0x200000
   BAR[0]: Type =  Mem32; Alignment = 0xFFF;	Length = 0x1000;	Offset = 0x10

PciBus: Discovered PPB @ [00|02|04]  [VID = 0x1B36, DID = 0xC]
   Padding: Type =  Mem32; Alignment = 0x1FFFFF;	Length = 0x200000
   BAR[0]: Type =  Mem32; Alignment = 0xFFF;	Length = 0x1000;	Offset = 0x10

PciBus: Discovered PPB @ [00|02|05]  [VID = 0x1B36, DID = 0xC]
   Padding: Type =  Mem32; Alignment = 0x1FFFFF;	Length = 0x200000
   BAR[0]: Type =  Mem32; Alignment = 0xFFF;	Length = 0x1000;	Offset = 0x10

PciBus: Discovered PCI @ [00|00|00]  [VID = 0x1B36, DID = 0x8]

PciBus: Discovered PPB @ [00|01|00]  [VID = 0x1B36, DID = 0xC]
   Padding: Type =  Mem32; Alignment = 0x1FFFFF;	Length = 0x200000
   BAR[0]: Type =  Mem32; Alignment = 0xFFF;	Length = 0x1000;	Offset = 0x10

PciBus: Discovered PCI @ [01|00|00]  [VID = 0x1AF4, DID = 0x1041]
   BAR[1]: Type =  Mem32; Alignment = 0xFFF;	Length = 0x1000;	Offset = 0x14
   BAR[4]: Type = PMem64; Alignment = 0x3FFF;	Length = 0x4000;	Offset = 0x20

PciBus: Discovered PPB @ [00|01|01]  [VID = 0x1B36, DID = 0xC]
   Padding: Type =  Mem32; Alignment = 0x1FFFFF;	Length = 0x200000
   BAR[0]: Type =  Mem32; Alignment = 0xFFF;	Length = 0x1000;	Offset = 0x10

PciBus: Discovered PCI @ [02|00|00]  [VID = 0x1B36, DID = 0xD]
   BAR[0]: Type =  Mem64; Alignment = 0x3FFF;	Length = 0x4000;	Offset = 0x10

PciBus: Discovered PPB @ [00|01|02]  [VID = 0x1B36, DID = 0xC]
   Padding: Type =  Mem32; Alignment = 0x1FFFFF;	Length = 0x200000
   BAR[0]: Type =  Mem32; Alignment = 0xFFF;	Length = 0x1000;	Offset = 0x10

PciBus: Discovered PCI @ [03|00|00]  [VID = 0x1AF4, DID = 0x1043]
   BAR[1]: Type =  Mem32; Alignment = 0xFFF;	Length = 0x1000;	Offset = 0x14
   BAR[4]: Type = PMem64; Alignment = 0x3FFF;	Length = 0x4000;	Offset = 0x20

PciBus: Discovered PPB @ [00|01|03]  [VID = 0x1B36, DID = 0xC]
   Padding: Type =  Mem32; Alignment = 0x1FFFFF;	Length = 0x200000
   BAR[0]: Type =  Mem32; Alignment = 0xFFF;	Length = 0x1000;	Offset = 0x10

PciBus: Discovered PCI @ [04|00|00]  [VID = 0x1AF4, DID = 0x1042]
   BAR[1]: Type =  Mem32; Alignment = 0xFFF;	Length = 0x1000;	Offset = 0x14
   BAR[4]: Type = PMem64; Alignment = 0x3FFF;	Length = 0x4000;	Offset = 0x20

PciBus: Discovered PPB @ [00|01|04]  [VID = 0x1B36, DID = 0xC]
   Padding: Type =  Mem32; Alignment = 0x1FFFFF;	Length = 0x200000
   BAR[0]: Type =  Mem32; Alignment = 0xFFF;	Length = 0x1000;	Offset = 0x10

PciBus: Discovered PCI @ [05|00|00]  [VID = 0x1AF4, DID = 0x1045]
   BAR[4]: Type = PMem64; Alignment = 0x3FFF;	Length = 0x4000;	Offset = 0x20

PciBus: Discovered PPB @ [00|01|05]  [VID = 0x1B36, DID = 0xC]
   Padding: Type =  Mem32; Alignment = 0x1FFFFF;	Length = 0x200000
   BAR[0]: Type =  Mem32; Alignment = 0xFFF;	Length = 0x1000;	Offset = 0x10

PciBus: Discovered PCI @ [06|00|00]  [VID = 0x1AF4, DID = 0x1044]
   BAR[1]: Type =  Mem32; Alignment = 0xFFF;	Length = 0x1000;	Offset = 0x14
   BAR[4]: Type = PMem64; Alignment = 0x3FFF;	Length = 0x4000;	Offset = 0x20

PciBus: Discovered PPB @ [00|01|06]  [VID = 0x1B36, DID = 0xC]
   Padding: Type =  Mem32; Alignment = 0x1FFFFF;	Length = 0x200000
   BAR[0]: Type =  Mem32; Alignment = 0xFFF;	Length = 0x1000;	Offset = 0x10

PciBus: Discovered PPB @ [00|01|07]  [VID = 0x1B36, DID = 0xC]
   Padding: Type =  Mem32; Alignment = 0x1FFFFF;	Length = 0x200000
   BAR[0]: Type =  Mem32; Alignment = 0xFFF;	Length = 0x1000;	Offset = 0x10

PciBus: Discovered PPB @ [00|02|00]  [VID = 0x1B36, DID = 0xC]
   Padding: Type =  Mem32; Alignment = 0x1FFFFF;	Length = 0x200000
   BAR[0]: Type =  Mem32; Alignment = 0xFFF;	Length = 0x1000;	Offset = 0x10

PciBus: Discovered PPB @ [00|02|01]  [VID = 0x1B36, DID = 0xC]
   Padding: Type =  Mem32; Alignment = 0x1FFFFF;	Length = 0x200000
   BAR[0]: Type =  Mem32; Alignment = 0xFFF;	Length = 0x1000;	Offset = 0x10

PciBus: Discovered PPB @ [00|02|02]  [VID = 0x1B36, DID = 0xC]
   Padding: Type =  Mem32; Alignment = 0x1FFFFF;	Length = 0x200000
   BAR[0]: Type =  Mem32; Alignment = 0xFFF;	Length = 0x1000;	Offset = 0x10

PciBus: Discovered PPB @ [00|02|03]  [VID = 0x1B36, DID = 0xC]
   Padding: Type =  Mem32; Alignment = 0x1FFFFF;	Length = 0x200000
   BAR[0]: Type =  Mem32; Alignment = 0xFFF;	Length = 0x1000;	Offset = 0x10

PciBus: Discovered PPB @ [00|02|04]  [VID = 0x1B36, DID = 0xC]
   Padding: Type =  Mem32; Alignment = 0x1FFFFF;	Length = 0x200000
   BAR[0]: Type =  Mem32; Alignment = 0xFFF;	Length = 0x1000;	Offset = 0x10

PciBus: Discovered PPB @ [00|02|05]  [VID = 0x1B36, DID = 0xC]
   Padding: Type =  Mem32; Alignment = 0x1FFFFF;	Length = 0x200000
   BAR[0]: Type =  Mem32; Alignment = 0xFFF;	Length = 0x1000;	Offset = 0x10

PciHostBridge: SubmitResources for PciRoot(0x0)
 Mem: Granularity/SpecificFlag = 32 / 00
      Length/Alignment = 0x1E00000 / 0x1FFFFF
 Mem: Granularity/SpecificFlag = 64 / 00
      Length/Alignment = 0x400000 / 0xFFFFF
PciBus: HostBridge->SubmitResources() - Success
PciHostBridge: NotifyPhase (AllocateResources)
 RootBridge: PciRoot(0x0)
  Mem: Base/Length/Alignment = 40000000/1E00000/1FFFFF - Success
  Mem64: Base/Length/Alignment = 400000000/400000/FFFFF - Success
PciBus: HostBridge->NotifyPhase(AllocateResources) - Success
Process Option ROM: BAR Base/Length = 41D00000/40000
PciBus: Resource Map for Root Bridge PciRoot(0x0)
Type =  Mem32; Base = 0x40000000;	Length = 0x1E00000;	Alignment = 0x1FFFFF
   Base = 0x40000000;	Length = 0x200000;	Alignment = 0x1FFFFF;	Owner = PPB [00|02|05:**]
   Base = 0x40200000;	Length = 0x200000;	Alignment = 0x1FFFFF;	Owner = PPB [00|02|04:**]
   Base = 0x40400000;	Length = 0x200000;	Alignment = 0x1FFFFF;	Owner = PPB [00|02|03:**]
   Base = 0x40600000;	Length = 0x200000;	Alignment = 0x1FFFFF;	Owner = PPB [00|02|02:**]
   Base = 0x40800000;	Length = 0x200000;	Alignment = 0x1FFFFF;	Owner = PPB [00|02|01:**]
   Base = 0x40A00000;	Length = 0x200000;	Alignment = 0x1FFFFF;	Owner = PPB [00|02|00:**]
   Base = 0x40C00000;	Length = 0x200000;	Alignment = 0x1FFFFF;	Owner = PPB [00|01|07:**]
   Base = 0x40E00000;	Length = 0x200000;	Alignment = 0x1FFFFF;	Owner = PPB [00|01|06:**]
   Base = 0x41000000;	Length = 0x200000;	Alignment = 0x1FFFFF;	Owner = PPB [00|01|05:**]
   Base = 0x41200000;	Length = 0x200000;	Alignment = 0x1FFFFF;	Owner = PPB [00|01|04:**]
   Base = 0x41400000;	Length = 0x200000;	Alignment = 0x1FFFFF;	Owner = PPB [00|01|03:**]
   Base = 0x41600000;	Length = 0x200000;	Alignment = 0x1FFFFF;	Owner = PPB [00|01|02:**]
   Base = 0x41800000;	Length = 0x200000;	Alignment = 0x1FFFFF;	Owner = PPB [00|01|01:**]
   Base = 0x41A00000;	Length = 0x200000;	Alignment = 0x1FFFFF;	Owner = PPB [00|01|00:**]
   Base = 0x41C00000;	Length = 0x100000;	Alignment = 0xFFFFF;	Owner = PPB [00|01|00:**]; Type = PMem32
   Base = 0x41D00000;	Length = 0x40000;	Alignment = 0x3FFFF;	Owner = PCI [00|00|00:00]; Type =  OpRom
   Base = 0x41D40000;	Length = 0x1000;	Alignment = 0xFFF;	Owner = PPB [00|02|05:10]
   Base = 0x41D41000;	Length = 0x1000;	Alignment = 0xFFF;	Owner = PPB [00|02|04:10]
   Base = 0x41D42000;	Length = 0x1000;	Alignment = 0xFFF;	Owner = PPB [00|02|03:10]
   Base = 0x41D43000;	Length = 0x1000;	Alignment = 0xFFF;	Owner = PPB [00|02|02:10]
   Base = 0x41D44000;	Length = 0x1000;	Alignment = 0xFFF;	Owner = PPB [00|02|01:10]
   Base = 0x41D45000;	Length = 0x1000;	Alignment = 0xFFF;	Owner = PPB [00|02|00:10]
   Base = 0x41D46000;	Length = 0x1000;	Alignment = 0xFFF;	Owner = PPB [00|01|07:10]
   Base = 0x41D47000;	Length = 0x1000;	Alignment = 0xFFF;	Owner = PPB [00|01|06:10]
   Base = 0x41D48000;	Length = 0x1000;	Alignment = 0xFFF;	Owner = PPB [00|01|05:10]
   Base = 0x41D49000;	Length = 0x1000;	Alignment = 0xFFF;	Owner = PPB [00|01|04:10]
   Base = 0x41D4A000;	Length = 0x1000;	Alignment = 0xFFF;	Owner = PPB [00|01|03:10]
   Base = 0x41D4B000;	Length = 0x1000;	Alignment = 0xFFF;	Owner = PPB [00|01|02:10]
   Base = 0x41D4C000;	Length = 0x1000;	Alignment = 0xFFF;	Owner = PPB [00|01|01:10]
   Base = 0x41D4D000;	Length = 0x1000;	Alignment = 0xFFF;	Owner = PPB [00|01|00:10]
Type =  Mem64; Base = 0x400000000;	Length = 0x400000;	Alignment = 0xFFFFF
   Base = 0x400000000;	Length = 0x100000;	Alignment = 0xFFFFF;	Owner = PPB [00|01|02:**]; Type = PMem64
   Base = 0x400100000;	Length = 0x100000;	Alignment = 0xFFFFF;	Owner = PPB [00|01|03:**]; Type = PMem64
   Base = 0x400200000;	Length = 0x100000;	Alignment = 0xFFFFF;	Owner = PPB [00|01|04:**]; Type = PMem64
   Base = 0x400300000;	Length = 0x100000;	Alignment = 0xFFFFF;	Owner = PPB [00|01|05:**]; Type = PMem64

PciBus: Resource Map for Bridge [00|01|00]
Type =  Mem32; Base = 0x41A00000;	Length = 0x200000;	Alignment = 0x1FFFFF
   Base = Padding;	Length = 0x200000;	Alignment = 0x1FFFFF
   Base = 0x41A00000;	Length = 0x1000;	Alignment = 0xFFF;	Owner = PCI [01|00|00:14]
Type = PMem32; Base = 0x41C00000;	Length = 0x100000;	Alignment = 0xFFFFF
   Base = 0x41C00000;	Length = 0x4000;	Alignment = 0x3FFF;	Owner = PCI [01|00|00:20]; Type = PMem64
Type =  Mem32; Base = 0x41D4D000;	Length = 0x1000;	Alignment = 0xFFF

PciBus: Resource Map for Bridge [00|01|01]
Type =  Mem32; Base = 0x41800000;	Length = 0x200000;	Alignment = 0x1FFFFF
   Base = Padding;	Length = 0x200000;	Alignment = 0x1FFFFF
   Base = 0x41800000;	Length = 0x4000;	Alignment = 0x3FFF;	Owner = PCI [02|00|00:10]
Type =  Mem32; Base = 0x41D4C000;	Length = 0x1000;	Alignment = 0xFFF

PciBus: Resource Map for Bridge [00|01|02]
Type =  Mem32; Base = 0x41600000;	Length = 0x200000;	Alignment = 0x1FFFFF
   Base = Padding;	Length = 0x200000;	Alignment = 0x1FFFFF
   Base = 0x41600000;	Length = 0x1000;	Alignment = 0xFFF;	Owner = PCI [03|00|00:14]
Type =  Mem32; Base = 0x41D4B000;	Length = 0x1000;	Alignment = 0xFFF
Type = PMem64; Base = 0x400000000;	Length = 0x100000;	Alignment = 0xFFFFF
   Base = 0x400000000;	Length = 0x4000;	Alignment = 0x3FFF;	Owner = PCI [03|00|00:20]

PciBus: Resource Map for Bridge [00|01|03]
Type =  Mem32; Base = 0x41400000;	Length = 0x200000;	Alignment = 0x1FFFFF
   Base = Padding;	Length = 0x200000;	Alignment = 0x1FFFFF
   Base = 0x41400000;	Length = 0x1000;	Alignment = 0xFFF;	Owner = PCI [04|00|00:14]
Type =  Mem32; Base = 0x41D4A000;	Length = 0x1000;	Alignment = 0xFFF
Type = PMem64; Base = 0x400100000;	Length = 0x100000;	Alignment = 0xFFFFF
   Base = 0x400100000;	Length = 0x4000;	Alignment = 0x3FFF;	Owner = PCI [04|00|00:20]

PciBus: Resource Map for Bridge [00|01|04]
Type =  Mem32; Base = 0x41200000;	Length = 0x200000;	Alignment = 0x1FFFFF
   Base = Padding;	Length = 0x200000;	Alignment = 0x1FFFFF
Type =  Mem32; Base = 0x41D49000;	Length = 0x1000;	Alignment = 0xFFF
Type = PMem64; Base = 0x400200000;	Length = 0x100000;	Alignment = 0xFFFFF
   Base = 0x400200000;	Length = 0x4000;	Alignment = 0x3FFF;	Owner = PCI [05|00|00:20]

PciBus: Resource Map for Bridge [00|01|05]
Type =  Mem32; Base = 0x41000000;	Length = 0x200000;	Alignment = 0x1FFFFF
   Base = Padding;	Length = 0x200000;	Alignment = 0x1FFFFF
   Base = 0x41000000;	Length = 0x1000;	Alignment = 0xFFF;	Owner = PCI [06|00|00:14]
Type =  Mem32; Base = 0x41D48000;	Length = 0x1000;	Alignment = 0xFFF
Type = PMem64; Base = 0x400300000;	Length = 0x100000;	Alignment = 0xFFFFF
   Base = 0x400300000;	Length = 0x4000;	Alignment = 0x3FFF;	Owner = PCI [06|00|00:20]

PciBus: Resource Map for Bridge [00|01|06]
Type =  Mem32; Base = 0x40E00000;	Length = 0x200000;	Alignment = 0x1FFFFF
   Base = Padding;	Length = 0x200000;	Alignment = 0x1FFFFF
Type =  Mem32; Base = 0x41D47000;	Length = 0x1000;	Alignment = 0xFFF

PciBus: Resource Map for Bridge [00|01|07]
Type =  Mem32; Base = 0x40C00000;	Length = 0x200000;	Alignment = 0x1FFFFF
   Base = Padding;	Length = 0x200000;	Alignment = 0x1FFFFF
Type =  Mem32; Base = 0x41D46000;	Length = 0x1000;	Alignment = 0xFFF

PciBus: Resource Map for Bridge [00|02|00]
Type =  Mem32; Base = 0x40A00000;	Length = 0x200000;	Alignment = 0x1FFFFF
   Base = Padding;	Length = 0x200000;	Alignment = 0x1FFFFF
Type =  Mem32; Base = 0x41D45000;	Length = 0x1000;	Alignment = 0xFFF

PciBus: Resource Map for Bridge [00|02|01]
Type =  Mem32; Base = 0x40800000;	Length = 0x200000;	Alignment = 0x1FFFFF
   Base = Padding;	Length = 0x200000;	Alignment = 0x1FFFFF
Type =  Mem32; Base = 0x41D44000;	Length = 0x1000;	Alignment = 0xFFF

PciBus: Resource Map for Bridge [00|02|02]
Type =  Mem32; Base = 0x40600000;	Length = 0x200000;	Alignment = 0x1FFFFF
   Base = Padding;	Length = 0x200000;	Alignment = 0x1FFFFF
Type =  Mem32; Base = 0x41D43000;	Length = 0x1000;	Alignment = 0xFFF

PciBus: Resource Map for Bridge [00|02|03]
Type =  Mem32; Base = 0x40400000;	Length = 0x200000;	Alignment = 0x1FFFFF
   Base = Padding;	Length = 0x200000;	Alignment = 0x1FFFFF
Type =  Mem32; Base = 0x41D42000;	Length = 0x1000;	Alignment = 0xFFF

PciBus: Resource Map for Bridge [00|02|04]
Type =  Mem32; Base = 0x40200000;	Length = 0x200000;	Alignment = 0x1FFFFF
   Base = Padding;	Length = 0x200000;	Alignment = 0x1FFFFF
Type =  Mem32; Base = 0x41D41000;	Length = 0x1000;	Alignment = 0xFFF

PciBus: Resource Map for Bridge [00|02|05]
Type =  Mem32; Base = 0x40000000;	Length = 0x200000;	Alignment = 0x1FFFFF
   Base = Padding;	Length = 0x200000;	Alignment = 0x1FFFFF
Type =  Mem32; Base = 0x41D40000;	Length = 0x1000;	Alignment = 0xFFF

InstallProtocolInterface: 09576E91-6D3F-11D2-8E39-00A0C969723B 17E402598
InstallProtocolInterface: 4CF5B200-68B8-4CA5-9EEC-B23E3F50029A 17E401028
InstallProtocolInterface: 09576E91-6D3F-11D2-8E39-00A0C969723B 17E402498
InstallProtocolInterface: 4CF5B200-68B8-4CA5-9EEC-B23E3F50029A 17E401428
InstallProtocolInterface: 09576E91-6D3F-11D2-8E39-00A0C969723B 17E400D18
InstallProtocolInterface: 4CF5B200-68B8-4CA5-9EEC-B23E3F50029A 17E401828
InstallProtocolInterface: 4006C0C1-FCB3-403E-996D-4A6C8724E06D 17E4018F0
[Security] 3rd party image[0] can be loaded after EndOfDxe: PciRoot(0x0)/Pci(0x1,0x0)/Pci(0x0,0x0)/Offset(0x17400,0x39FFF).
InstallProtocolInterface: 5B1B31A1-9562-11D2-8E3F-00A0C969723B 17E3B8D40
Image type X64 can't be loaded on RISCV64 UEFI system.
InstallProtocolInterface: 3BC1B285-8A15-4A82-AABF-4D7D13FB3265 17E4018D8
InstallProtocolInterface: 09576E91-6D3F-11D2-8E39-00A0C969723B 17E400D98
InstallProtocolInterface: 4CF5B200-68B8-4CA5-9EEC-B23E3F50029A 17E3FF028
InstallProtocolInterface: 09576E91-6D3F-11D2-8E39-00A0C969723B 17E400C98
InstallProtocolInterface: 4CF5B200-68B8-4CA5-9EEC-B23E3F50029A 17E3FF428
InstallProtocolInterface: 09576E91-6D3F-11D2-8E39-00A0C969723B 17E400E18
InstallProtocolInterface: 4CF5B200-68B8-4CA5-9EEC-B23E3F50029A 17E3FF828
InstallProtocolInterface: 09576E91-6D3F-11D2-8E39-00A0C969723B 17E402518
InstallProtocolInterface: 4CF5B200-68B8-4CA5-9EEC-B23E3F50029A 17E3FE028
InstallProtocolInterface: 09576E91-6D3F-11D2-8E39-00A0C969723B 17E400E98
InstallProtocolInterface: 4CF5B200-68B8-4CA5-9EEC-B23E3F50029A 17E3FE428
InstallProtocolInterface: 09576E91-6D3F-11D2-8E39-00A0C969723B 17E3FFE98
InstallProtocolInterface: 4CF5B200-68B8-4CA5-9EEC-B23E3F50029A 17E3FE828
InstallProtocolInterface: 09576E91-6D3F-11D2-8E39-00A0C969723B 17E400C18
InstallProtocolInterface: 4CF5B200-68B8-4CA5-9EEC-B23E3F50029A 17E3FD028
InstallProtocolInterface: 09576E91-6D3F-11D2-8E39-00A0C969723B 17E401E98
InstallProtocolInterface: 4CF5B200-68B8-4CA5-9EEC-B23E3F50029A 17E3FD428
InstallProtocolInterface: 09576E91-6D3F-11D2-8E39-00A0C969723B 17E402698
InstallProtocolInterface: 4CF5B200-68B8-4CA5-9EEC-B23E3F50029A 17E3FD828
InstallProtocolInterface: 09576E91-6D3F-11D2-8E39-00A0C969723B 17E3FEE98
InstallProtocolInterface: 4CF5B200-68B8-4CA5-9EEC-B23E3F50029A 17E3FC028
InstallProtocolInterface: 09576E91-6D3F-11D2-8E39-00A0C969723B 17E3FFF18
InstallProtocolInterface: 4CF5B200-68B8-4CA5-9EEC-B23E3F50029A 17E3FC428
InstallProtocolInterface: 09576E91-6D3F-11D2-8E39-00A0C969723B 17E3FDE98
InstallProtocolInterface: 4CF5B200-68B8-4CA5-9EEC-B23E3F50029A 17E3FC828
InstallProtocolInterface: 09576E91-6D3F-11D2-8E39-00A0C969723B 17E3FDF98
InstallProtocolInterface: 4CF5B200-68B8-4CA5-9EEC-B23E3F50029A 17E3FB028
InstallProtocolInterface: 09576E91-6D3F-11D2-8E39-00A0C969723B 17E3FEF18
InstallProtocolInterface: 4CF5B200-68B8-4CA5-9EEC-B23E3F50029A 17E3FB428
InstallProtocolInterface: 09576E91-6D3F-11D2-8E39-00A0C969723B 17E3FDD98
InstallProtocolInterface: 4CF5B200-68B8-4CA5-9EEC-B23E3F50029A 17E3FB828
InstallProtocolInterface: 09576E91-6D3F-11D2-8E39-00A0C969723B 17E3FCF18
InstallProtocolInterface: 4CF5B200-68B8-4CA5-9EEC-B23E3F50029A 17E3FA028
InstallProtocolInterface: 09576E91-6D3F-11D2-8E39-00A0C969723B 17E3FBE98
InstallProtocolInterface: 4CF5B200-68B8-4CA5-9EEC-B23E3F50029A 17E3FA428
InstallProtocolInterface: 09576E91-6D3F-11D2-8E39-00A0C969723B 17E3FBF98
InstallProtocolInterface: 4CF5B200-68B8-4CA5-9EEC-B23E3F50029A 17E3FA828
InstallProtocolInterface: 30CFE3E7-3DE1-4586-BE20-DEABA1B3B793 0
InstallProtocolInterface: FA920010-6785-4941-B6EC-498C579F160A 17E3B64A0
InstallProtocolInterface: 3152BCA5-EADE-433D-862E-C01CDC291F44 17E3B5490
[Bds]RegisterKeyNotify: 000C/0000 80000000/00 Success
[Bds]RegisterKeyNotify: 0017/0000 80000000/00 Success
[Bds]RegisterKeyNotify: 0000/000D 80000000/00 Success
Terminal - Mode 0, Column = 80, Row = 25
Terminal - Mode 1, Column = 80, Row = 50
Terminal - Mode 2, Column = 100, Row = 31
















































InstallProtocolInterface: 387477C1-69C7-11D2-8E39-00A0C969723B 17E3B22C0
InstallProtocolInterface: DD9E7534-7762-4698-8C14-F58517A625AA 17E3B23A8
InstallProtocolInterface: 387477C2-69C7-11D2-8E39-00A0C969723B 17E3B22D8
InstallProtocolInterface: 09576E91-6D3F-11D2-8E39-00A0C969723B 17E3B5618
InstallProtocolInterface: D3B36F2B-D551-11D4-9A46-0090273FC14D 0
InstallProtocolInterface: D3B36F2C-D551-11D4-9A46-0090273FC14D 0
InstallProtocolInterface: D3B36F2D-D551-11D4-9A46-0090273FC14D 0
















































XhcCreateUsb3Hc: Capability length 0x40
XhcCreateUsb3Hc: HcSParams1 0x1E001040
XhcCreateUsb3Hc: HcSParams2 0xF
XhcCreateUsb3Hc: HcCParams 0x87001
XhcCreateUsb3Hc: DBOff 0x2000
XhcCreateUsb3Hc: RTSOff 0x1000
XhcCreateUsb3Hc: UsbLegSupOffset 0xFFFFFFFF
XhcCreateUsb3Hc: DebugCapSupOffset 0xFFFFFFFF
XhcCreateUsb3Hc: Usb2SupOffset 0x0
XhcCreateUsb3Hc: Usb3SupOffset 0x10
XhcResetHC!
XhcInitSched:DCBAA=0x7E387000
XhcInitSched: Created CMD ring [17E387240~17E388240) EVENT ring [17E388240~17E38A240)
InstallProtocolInterface: 3E745226-9818-45B6-A2AC-D7CD0E8BA2BC 17E397038
XhcDriverBindingStart: XHCI started for controller @ 7E3F8B18
InstallProtocolInterface: 240612B7-A063-11D4-9A3A-0090273FC14D 17E3860A0
XhcGetCapability: 30 ports, 64 bit 1
UsbRootHubInit: root hub 17E386C98 - max speed 3, 30 ports
XhcClearRootHubPortFeature: status Success
UsbEnumeratePort: port 0 state - 00, change - 01 on 17E386C98
UsbEnumeratePort: Device Connect/Disconnect Normally (port 0)
UsbEnumeratePort: device disconnected event on port 0
XhcClearRootHubPortFeature: status Success
UsbEnumeratePort: port 1 state - 00, change - 01 on 17E386C98
UsbEnumeratePort: Device Connect/Disconnect Normally (port 1)
UsbEnumeratePort: device disconnected event on port 1
XhcClearRootHubPortFeature: status Success
UsbEnumeratePort: port 2 state - 00, change - 01 on 17E386C98
UsbEnumeratePort: Device Connect/Disconnect Normally (port 2)
UsbEnumeratePort: device disconnected event on port 2
XhcClearRootHubPortFeature: status Success
UsbEnumeratePort: port 3 state - 00, change - 01 on 17E386C98
UsbEnumeratePort: Device Connect/Disconnect Normally (port 3)
UsbEnumeratePort: device disconnected event on port 3
XhcClearRootHubPortFeature: status Success
UsbEnumeratePort: port 4 state - 00, change - 01 on 17E386C98
UsbEnumeratePort: Device Connect/Disconnect Normally (port 4)
UsbEnumeratePort: device disconnected event on port 4
XhcClearRootHubPortFeature: status Success
UsbEnumeratePort: port 5 state - 00, change - 01 on 17E386C98
UsbEnumeratePort: Device Connect/Disconnect Normally (port 5)
UsbEnumeratePort: device disconnected event on port 5
XhcClearRootHubPortFeature: status Success
UsbEnumeratePort: port 6 state - 00, change - 01 on 17E386C98
UsbEnumeratePort: Device Connect/Disconnect Normally (port 6)
UsbEnumeratePort: device disconnected event on port 6
XhcClearRootHubPortFeature: status Success
UsbEnumeratePort: port 7 state - 00, change - 01 on 17E386C98
UsbEnumeratePort: Device Connect/Disconnect Normally (port 7)
UsbEnumeratePort: device disconnected event on port 7
XhcClearRootHubPortFeature: status Success
UsbEnumeratePort: port 8 state - 00, change - 01 on 17E386C98
UsbEnumeratePort: Device Connect/Disconnect Normally (port 8)
UsbEnumeratePort: device disconnected event on port 8
XhcClearRootHubPortFeature: status Success
UsbEnumeratePort: port 9 state - 00, change - 01 on 17E386C98
UsbEnumeratePort: Device Connect/Disconnect Normally (port 9)
UsbEnumeratePort: device disconnected event on port 9
XhcClearRootHubPortFeature: status Success
UsbEnumeratePort: port 10 state - 00, change - 01 on 17E386C98
UsbEnumeratePort: Device Connect/Disconnect Normally (port 10)
UsbEnumeratePort: device disconnected event on port 10
XhcClearRootHubPortFeature: status Success
UsbEnumeratePort: port 11 state - 00, change - 01 on 17E386C98
UsbEnumeratePort: Device Connect/Disconnect Normally (port 11)
UsbEnumeratePort: device disconnected event on port 11
XhcClearRootHubPortFeature: status Success
UsbEnumeratePort: port 12 state - 00, change - 01 on 17E386C98
UsbEnumeratePort: Device Connect/Disconnect Normally (port 12)
UsbEnumeratePort: device disconnected event on port 12
XhcClearRootHubPortFeature: status Success
UsbEnumeratePort: port 13 state - 00, change - 01 on 17E386C98
UsbEnumeratePort: Device Connect/Disconnect Normally (port 13)
UsbEnumeratePort: device disconnected event on port 13
XhcClearRootHubPortFeature: status Success
UsbEnumeratePort: port 14 state - 00, change - 01 on 17E386C98
UsbEnumeratePort: Device Connect/Disconnect Normally (port 14)
UsbEnumeratePort: device disconnected event on port 14
XhcClearRootHubPortFeature: status Success
UsbEnumeratePort: port 15 state - 00, change - 01 on 17E386C98
UsbEnumeratePort: Device Connect/Disconnect Normally (port 15)
UsbEnumeratePort: device disconnected event on port 15
XhcClearRootHubPortFeature: status Success
UsbEnumeratePort: port 16 state - 00, change - 01 on 17E386C98
UsbEnumeratePort: Device Connect/Disconnect Normally (port 16)
UsbEnumeratePort: device disconnected event on port 16
XhcClearRootHubPortFeature: status Success
UsbEnumeratePort: port 17 state - 00, change - 01 on 17E386C98
UsbEnumeratePort: Device Connect/Disconnect Normally (port 17)
UsbEnumeratePort: device disconnected event on port 17
XhcClearRootHubPortFeature: status Success
UsbEnumeratePort: port 18 state - 00, change - 01 on 17E386C98
UsbEnumeratePort: Device Connect/Disconnect Normally (port 18)
UsbEnumeratePort: device disconnected event on port 18
XhcClearRootHubPortFeature: status Success
UsbEnumeratePort: port 19 state - 00, change - 01 on 17E386C98
UsbEnumeratePort: Device Connect/Disconnect Normally (port 19)
UsbEnumeratePort: device disconnected event on port 19
XhcClearRootHubPortFeature: status Success
UsbEnumeratePort: port 20 state - 00, change - 01 on 17E386C98
UsbEnumeratePort: Device Connect/Disconnect Normally (port 20)
UsbEnumeratePort: device disconnected event on port 20
XhcClearRootHubPortFeature: status Success
UsbEnumeratePort: port 21 state - 00, change - 01 on 17E386C98
UsbEnumeratePort: Device Connect/Disconnect Normally (port 21)
UsbEnumeratePort: device disconnected event on port 21
XhcClearRootHubPortFeature: status Success
UsbEnumeratePort: port 22 state - 00, change - 01 on 17E386C98
UsbEnumeratePort: Device Connect/Disconnect Normally (port 22)
UsbEnumeratePort: device disconnected event on port 22
XhcClearRootHubPortFeature: status Success
UsbEnumeratePort: port 23 state - 00, change - 01 on 17E386C98
UsbEnumeratePort: Device Connect/Disconnect Normally (port 23)
UsbEnumeratePort: device disconnected event on port 23
XhcClearRootHubPortFeature: status Success
UsbEnumeratePort: port 24 state - 00, change - 01 on 17E386C98
UsbEnumeratePort: Device Connect/Disconnect Normally (port 24)
UsbEnumeratePort: device disconnected event on port 24
XhcClearRootHubPortFeature: status Success
UsbEnumeratePort: port 25 state - 00, change - 01 on 17E386C98
UsbEnumeratePort: Device Connect/Disconnect Normally (port 25)
UsbEnumeratePort: device disconnected event on port 25
XhcClearRootHubPortFeature: status Success
UsbEnumeratePort: port 26 state - 00, change - 01 on 17E386C98
UsbEnumeratePort: Device Connect/Disconnect Normally (port 26)
UsbEnumeratePort: device disconnected event on port 26
XhcClearRootHubPortFeature: status Success
UsbEnumeratePort: port 27 state - 00, change - 01 on 17E386C98
UsbEnumeratePort: Device Connect/Disconnect Normally (port 27)
UsbEnumeratePort: device disconnected event on port 27
XhcClearRootHubPortFeature: status Success
UsbEnumeratePort: port 28 state - 00, change - 01 on 17E386C98
UsbEnumeratePort: Device Connect/Disconnect Normally (port 28)
UsbEnumeratePort: device disconnected event on port 28
XhcClearRootHubPortFeature: status Success
UsbEnumeratePort: port 29 state - 00, change - 01 on 17E386C98
UsbEnumeratePort: Device Connect/Disconnect Normally (port 29)
UsbEnumeratePort: device disconnected event on port 29
UsbBusStart: usb bus started on 17E3F8B18, root hub 17E386C98
RISC-V EDK2 firmware version edk2-20240813-2.fc40
Press ESCAPE within 5 seconds for boot options [Security] 3rd party image[0] can be loaded after EndOfDxe: VenMedia(1428F772-B64A-441E-B8C3-9EBDD7F893C7)/kernel.
InstallProtocolInterface: 5B1B31A1-9562-11D2-8E3F-00A0C969723B 17E3851C0
Loading driver at 0x00178A09000 EntryPoint=0x00178A0B7BA 
InstallProtocolInterface: BC62157E-3E33-4FEC-9920-2D3B36D750DF 17E3B0198
ProtectUefiImageCommon - 0x7E3851C0
  - 0x0000000178A09000 - 0x0000000000F32400
SetUefiImageMemoryAttributes - 0x0000000178A09000 - 0x0000000000001000 (0x0000000000004000)
SetUefiImageMemoryAttributes - 0x0000000178A0A000 - 0x0000000000EF1000 (0x0000000000020000)
SetUefiImageMemoryAttributes - 0x00000001798FB000 - 0x0000000000041000 (0x0000000000004000)
QemuLoadKernelImage: command line: "root=UUID=ae525e47-51d5-4c98-8442-351d530612c3 ro rootflags=subvol=root rhgb LANG=en_US.UTF-8 console=ttyS0 earlycon=sbi initrd=initrd"
[Bds]Stop Hotkey Service!
[Bds]UnregisterKeyNotify: 000C/0000 Success
[Bds]UnregisterKeyNotify: 0017/0000 Success
[Bds]UnregisterKeyNotify: 0000/000D Success
RamDiskAcpiCheck: Cannot locate the EFI ACPI Table Protocol, unable to publish RAM disks to NFIT.
EFI stub: Decompressing Linux Ker
nel...
ConvertPages: failed to find range 200000 - 2F23FFF
EFI stub: Loaded initrd from LINUX_EFI_INITRD_MEDIA_GUID device path
EFI stub: Using DTB from configuration table
EFI stub: Exiting boot services...
TimerDriverSetTimerPeriod(0x0)
VirtioRngExitBoot: Context=0x17E3B5418
SetUefiImageMemoryAttributes - 0x000000017FEC7000 - 0x000000000000C000 (0x0000000000000000)
SetUefiImageMemoryAttributes - 0x000000017FEBC000 - 0x000000000000B000 (0x0000000000000000)
SetUefiImageMemoryAttributes - 0x000000017FEAC000 - 0x0000000000010000 (0x0000000000000000)
SetUefiImageMemoryAttributes - 0x000000017FEA1000 - 0x000000000000B000 (0x0000000000000000)
SetUefiImageMemoryAttributes - 0x000000017FE84000 - 0x000000000001D000 (0x0000000000000000)
SetUefiImageMemoryAttributes - 0x000000017FE79000 - 0x000000000000B000 (0x0000000000000000)
SetUefiImageMemoryAttributes - 0x000000017FE6E000 - 0x000000000000B000 (0x0000000000000000)
SetUefiImageMemoryAttributes - 0x000000017FE63000 - 0x000000000000B000 (0x0000000000000000)
SetUefiImageMemoryAttributes - 0x000000017FE59000 - 0x000000000000A000 (0x0000000000000000)
[    0.000000] Linux version 6.8.7-300.4.riscv64.fc40.riscv64 (mockbuild@04f1060c14404e2b85a3a21c28c7a74d) (gcc (GCC) 14.0.1 20240411 (Red Hat 14.0.1-0), GNU ld version 2.42-2.rvre0.fc40) #1 SMP PREEMPT_DYNAMIC Fri Apr 26 02:00:46 EDT 2024
[    0.000000] random: crng init done
[    0.000000] Machine model: riscv-virtio,qemu
[    0.000000] SBI specification v1.0 detected
[    0.000000] SBI implementation ID=0x1 Version=0x10003
[    0.000000] SBI TIME extension detected
[    0.000000] SBI IPI extension detected
[    0.000000] SBI RFENCE extension detected
[    0.000000] SBI SRST extension detected
[    0.000000] efi: EFI v2.7 by EDK II
[    0.000000] efi: MEMATTR=0x17e381018 INITRD=0x17a82ef18 RNG=0x17a82d018 MEMRESERVE=0x17a82ef98 
[    0.000000] OF: reserved mem: 0x0000000080000000..0x000000008001ffff (128 KiB) nomap non-reusable mmode_resv0@80000000
[    0.000000] OF: reserved mem: 0x0000000080020000..0x000000008003ffff (128 KiB) nomap non-reusable mmode_resv1@80020000
[    0.000000] NUMA: No NUMA configuration found
[    0.000000] NUMA: Faking a node at [mem 0x0000000080000000-0x000000017fffffff]
[    0.000000] NUMA: NODE_DATA [mem 0x17fc28640-0x17fc29fff]
[    0.000000] Zone ranges:
[    0.000000]   DMA32    [mem 0x0000000080000000-0x00000000ffffffff]
[    0.000000]   Normal   [mem 0x0000000100000000-0x000000017fffffff]
[    0.000000] Movable zone start for each node
[    0.000000] Early memory node ranges
[    0.000000]   node   0: [mem 0x0000000080000000-0x000000008003ffff]
[    0.000000]   node   0: [mem 0x0000000080040000-0x000000017fe3cfff]
[    0.000000]   node   0: [mem 0x000000017fe3d000-0x000000017fffefff]
[    0.000000]   node   0: [mem 0x000000017ffff000-0x000000017fffffff]
[    0.000000] Initmem setup node 0 [mem 0x0000000080000000-0x000000017fffffff]
[    0.000000] SBI HSM extension detected
[    0.000000] Falling back to deprecated "riscv,isa"
[    0.000000] riscv: base ISA extensions acdfhim
[    0.000000] riscv: ELF capabilities acdfim
[    0.000000] percpu: Embedded 30 pages/cpu s84968 r8192 d29720 u122880
[    0.000000] Kernel command line: root=UUID=ae525e47-51d5-4c98-8442-351d530612c3 ro rootflags=subvol=root rhgb LANG=en_US.UTF-8 console=ttyS0 earlycon=sbi initrd=initrd
[    0.000000] Unknown kernel command line parameters "rhgb LANG=en_US.UTF-8", will be passed to user space.
[    0.000000] Dentry cache hash table entries: 524288 (order: 10, 4194304 bytes, linear)
[    0.000000] Inode-cache hash table entries: 262144 (order: 9, 2097152 bytes, linear)
[    0.000000] Fallback order for Node 0: 0 
[    0.000000] Built 1 zonelists, mobility grouping on.  Total pages: 1032192
